=== 16:32 POST start: phases ['analysis', 'cellhist', 'cellmerge'], servers 500, MAXPAR=20, nq=100
=== 16:32 analysis: state loaded, 0 done, 0 parked, 1 to go
=== 16:32 SUBMIT aqx-analysis1t try 1/40 job_id=f7053eec-5882-40c1-b420-48d000153dc8
=== 16:34 DONE aqx-analysis1t
=== 16:35 ANALYSIS_DONE done=1 parked=[]
=== 16:35 cellhist: state loaded, 0 done, 0 parked, 500 to go
=== 16:36 SUBMIT aqx-cellhist1t-0 try 1/40 job_id=ddd88948-b868-4899-82fd-335b33dc152a
=== 16:36 SUBMIT aqx-cellhist1t-1 try 1/40 job_id=d9a9b510-49d4-445c-be08-40ae82ff7c70
=== 16:37 SUBMIT aqx-cellhist1t-2 try 1/40 job_id=3514dd47-c1fa-4ba9-8561-d4b53b496d32
=== 16:37 SUBMIT aqx-cellhist1t-3 try 1/40 job_id=17264e17-41e5-4930-a42b-3d115c3f42c1
=== 16:38 SUBMIT aqx-cellhist1t-4 try 1/40 job_id=c33e0e66-873f-4347-b753-3070c18c29dc
=== 16:38 SUBMIT aqx-cellhist1t-5 try 1/40 job_id=b4f07c52-ea84-4b93-a5af-cf5cc94b2be6
=== 16:39 SUBMIT aqx-cellhist1t-6 try 1/40 job_id=d23a0bb4-928f-4732-b7ee-19c20ef2d053
=== 16:39 SUBMIT aqx-cellhist1t-7 try 1/40 job_id=6db509b2-f22a-4129-aa35-a82a15bb8a04
=== 16:40 SUBMIT aqx-cellhist1t-8 try 1/40 job_id=6812c30a-fbbf-4c3b-b1b9-2815bab3bee2
=== 16:40 SUBMIT aqx-cellhist1t-9 try 1/40 job_id=85fee86b-8c4d-4f3f-b346-4d2f99b6f5a5
=== 16:41 SUBMIT aqx-cellhist1t-10 try 1/40 job_id=6e44c417-7f43-4184-88b1-b6283d25e2b8
=== 16:41 SUBMIT aqx-cellhist1t-11 try 1/40 job_id=b6447637-b2bf-4e95-ba3c-12eac5c8dbfd
=== 16:42 SUBMIT aqx-cellhist1t-12 try 1/40 job_id=2bdccad3-396f-49b5-aa0f-ff49724fc627
=== 16:42 SUBMIT aqx-cellhist1t-13 try 1/40 job_id=62322536-d246-4dc1-b5dd-0d3f881132b5
=== 16:43 SUBMIT aqx-cellhist1t-14 try 1/40 job_id=37572fab-b549-419a-8add-2279b1d02466
=== 16:43 SUBMIT aqx-cellhist1t-15 try 1/40 job_id=d146b43b-aba0-4f43-94d7-b11362d0125f
=== 16:44 SUBMIT aqx-cellhist1t-16 try 1/40 job_id=ac48724f-3207-4eb2-b704-be0f9db60289
=== 16:44 SUBMIT aqx-cellhist1t-17 try 1/40 job_id=20717b73-c36c-479b-a35e-af9abae0fbb6
=== 16:45 SUBMIT aqx-cellhist1t-18 try 1/40 job_id=5d2eb3fa-d7df-4441-a8d0-660ed03ec464
=== 16:45 SUBMIT aqx-cellhist1t-19 try 1/40 job_id=2f2a8076-e779-4dff-a731-1ce72cfdaff8
=== 16:46 RECYCLE aqx-cellhist1t-0: job failed
=== 16:46   aqx-cellhist1t-0-hmgjw exit=1 reason=Error
=== 16:46   | assert len(shards) == SHARDS_PER_SERVER, (len(shards), SHARDS_PER_SERVER)
=== 16:46   |            ^^^^^^^^^^^^^^^^^^^^^^^^^^^^^^^^
=== 16:46   | AssertionError: (400, 50)
=== 16:46 BACKOFF aqx-cellhist1t-0 120s before try 2
=== 16:46 RECYCLE aqx-cellhist1t-1: job failed
=== 16:46   aqx-cellhist1t-1-sbpw4 exit=1 reason=Error
=== 16:46   | assert len(shards) == SHARDS_PER_SERVER, (len(shards), SHARDS_PER_SERVER)
=== 16:46   |            ^^^^^^^^^^^^^^^^^^^^^^^^^^^^^^^^
=== 16:46   | AssertionError: (400, 50)
=== 16:46 BACKOFF aqx-cellhist1t-1 120s before try 2
=== 16:46 RECYCLE aqx-cellhist1t-2: job failed
=== 16:46   aqx-cellhist1t-2-tckl7 exit=1 reason=Error
=== 16:46   | assert len(shards) == SHARDS_PER_SERVER, (len(shards), SHARDS_PER_SERVER)
=== 16:46   |            ^^^^^^^^^^^^^^^^^^^^^^^^^^^^^^^^
=== 16:46   | AssertionError: (400, 50)
=== 16:46 BACKOFF aqx-cellhist1t-2 120s before try 2
=== 16:46 RECYCLE aqx-cellhist1t-3: job failed
=== 16:46   aqx-cellhist1t-3-cnf8s exit=1 reason=Error
=== 16:46   | assert len(shards) == SHARDS_PER_SERVER, (len(shards), SHARDS_PER_SERVER)
=== 16:46   |            ^^^^^^^^^^^^^^^^^^^^^^^^^^^^^^^^
=== 16:46   | AssertionError: (400, 50)
=== 16:46 BACKOFF aqx-cellhist1t-3 120s before try 2
=== 16:46 RECYCLE aqx-cellhist1t-4: job failed
=== 16:46   aqx-cellhist1t-4-24sq5 exit=1 reason=Error
=== 16:46   | assert len(shards) == SHARDS_PER_SERVER, (len(shards), SHARDS_PER_SERVER)
=== 16:46   |            ^^^^^^^^^^^^^^^^^^^^^^^^^^^^^^^^
=== 16:46   | AssertionError: (400, 50)
=== 16:46 BACKOFF aqx-cellhist1t-4 120s before try 2
=== 16:46 RECYCLE aqx-cellhist1t-5: job failed
=== 16:46   aqx-cellhist1t-5-w42vv exit=1 reason=Error
=== 16:46   | assert len(shards) == SHARDS_PER_SERVER, (len(shards), SHARDS_PER_SERVER)
=== 16:46   |            ^^^^^^^^^^^^^^^^^^^^^^^^^^^^^^^^
=== 16:46   | AssertionError: (400, 50)
=== 16:46 BACKOFF aqx-cellhist1t-5 120s before try 2
=== 16:46 RECYCLE aqx-cellhist1t-6: job failed
=== 16:46   aqx-cellhist1t-6-zkm8m exit=1 reason=Error
=== 16:46   | assert len(shards) == SHARDS_PER_SERVER, (len(shards), SHARDS_PER_SERVER)
=== 16:46   |            ^^^^^^^^^^^^^^^^^^^^^^^^^^^^^^^^
=== 16:46   | AssertionError: (400, 50)
=== 16:46 BACKOFF aqx-cellhist1t-6 120s before try 2
=== 16:46 RECYCLE aqx-cellhist1t-7: job failed
=== 16:46   aqx-cellhist1t-7-clbdd exit=1 reason=Error
=== 16:46   | assert len(shards) == SHARDS_PER_SERVER, (len(shards), SHARDS_PER_SERVER)
=== 16:46   |            ^^^^^^^^^^^^^^^^^^^^^^^^^^^^^^^^
=== 16:46   | AssertionError: (400, 50)
=== 16:46 BACKOFF aqx-cellhist1t-7 120s before try 2
=== 16:46 DONE aqx-cellhist1t-8
=== 16:46 DONE aqx-cellhist1t-9
=== 16:46 DONE aqx-cellhist1t-10
=== 16:46 DONE aqx-cellhist1t-12
=== 16:46 DONE aqx-cellhist1t-13
=== 16:46 DONE aqx-cellhist1t-14
=== 16:46 DONE aqx-cellhist1t-15
=== 16:46 DONE aqx-cellhist1t-16
=== 16:46 DONE aqx-cellhist1t-17
=== 16:46 DONE aqx-cellhist1t-18
=== 16:46 DONE aqx-cellhist1t-19
=== 16:47 SUBMIT aqx-cellhist1t-20 try 1/40 job_id=3a64b825-72da-4681-b93f-0544893a9e2c
=== 16:47 SUBMIT aqx-cellhist1t-21 try 1/40 job_id=fdf9624a-6d30-4146-ad0f-218eecf947c2
=== 16:48 SUBMIT aqx-cellhist1t-22 try 1/40 job_id=8362311e-a7d4-4d61-99c8-499f890da60a
=== 16:48 SUBMIT aqx-cellhist1t-23 try 1/40 job_id=1687512c-06cc-4c85-a471-6da14fb878ea
=== 16:49 SUBMIT aqx-cellhist1t-24 try 1/40 job_id=dbcf780a-863e-4504-8caa-d355be9f744c
=== 16:49 SUBMIT aqx-cellhist1t-25 try 1/40 job_id=e41b3446-26f9-44ba-929e-667a5ad9bf21
=== 16:50 SUBMIT aqx-cellhist1t-26 try 1/40 job_id=6d6d99fd-c7c3-463d-a594-48d662f4e43a
=== 16:50 SUBMIT aqx-cellhist1t-27 try 1/40 job_id=ba62def2-26c0-424f-8190-b29ddedefe6c
=== 16:51 SUBMIT aqx-cellhist1t-28 try 1/40 job_id=d7ba125d-4c14-42e5-a83e-a29a5625ced4
=== 16:51 SUBMIT aqx-cellhist1t-29 try 1/40 job_id=a099be35-211e-43e3-bb89-9e148f373f62
=== 16:52 SUBMIT aqx-cellhist1t-30 try 1/40 job_id=2f964969-bff8-4b30-a706-a10b54d9df50
=== 16:52 SUBMIT aqx-cellhist1t-31 try 1/40 job_id=e39bd870-3ef1-4aa3-b2c3-6e3ad0350bc3
=== 16:53 SUBMIT aqx-cellhist1t-32 try 1/40 job_id=93790df4-731a-487e-b7c2-23122c2f5562
=== 16:53 SUBMIT aqx-cellhist1t-33 try 1/40 job_id=8425011c-da4b-45dd-9f45-c414db171cfd
=== 16:54 SUBMIT aqx-cellhist1t-34 try 1/40 job_id=5903cd11-ff0e-4e27-9f1c-88682dbc0e89
=== 16:54 SUBMIT aqx-cellhist1t-35 try 1/40 job_id=0e76c60a-4e3f-436c-bf58-5b8475a58b1d
=== 16:55 SUBMIT aqx-cellhist1t-36 try 1/40 job_id=4166b8c8-aff8-441e-84f9-0e6e2b3d27ad
=== 16:55 SUBMIT aqx-cellhist1t-37 try 1/40 job_id=bd3c0bf9-2dbc-43a2-b342-00f08ed174e4
=== 16:56 SUBMIT aqx-cellhist1t-38 try 1/40 job_id=a250b5bc-c56c-4c03-837d-f27216245bac
=== 16:57 DONE aqx-cellhist1t-11
=== 16:57 DONE aqx-cellhist1t-20
=== 16:57 DONE aqx-cellhist1t-21
=== 16:57 DONE aqx-cellhist1t-22
=== 16:57 DONE aqx-cellhist1t-23
=== 16:57 DONE aqx-cellhist1t-24
=== 16:57 DONE aqx-cellhist1t-25
=== 16:57 DONE aqx-cellhist1t-26
=== 16:57 DONE aqx-cellhist1t-27
=== 16:57 DONE aqx-cellhist1t-28
=== 16:57 DONE aqx-cellhist1t-29
=== 16:57 DONE aqx-cellhist1t-30
=== 16:57 DONE aqx-cellhist1t-31
=== 16:57 DONE aqx-cellhist1t-32
=== 16:57 DONE aqx-cellhist1t-33
=== 16:57 DONE aqx-cellhist1t-35
=== 16:57 DONE aqx-cellhist1t-36
=== 16:57 DONE aqx-cellhist1t-37
=== 16:57 DONE aqx-cellhist1t-38
=== 16:57 SUBMIT aqx-cellhist1t-0 try 2/40 job_id=9efeb363-43b7-46ab-9ca8-49b89d571658
=== 16:58 SUBMIT aqx-cellhist1t-1 try 2/40 job_id=b44afccd-0c81-47a3-a45a-baf54c8a38c2
=== 16:59 SUBMIT aqx-cellhist1t-2 try 2/40 job_id=0a03dccf-feb7-401a-822c-cad48ba18ae1
=== 16:59 SUBMIT aqx-cellhist1t-3 try 2/40 job_id=db92a4bf-89da-431b-850e-88f193b56913
=== 17:00 SUBMIT aqx-cellhist1t-4 try 2/40 job_id=5cd6d057-1205-4f4f-baac-58813614bd67
=== 17:00 SUBMIT aqx-cellhist1t-5 try 2/40 job_id=ceca8ebd-1639-4d21-b168-b468783ad8b2
=== 17:01 SUBMIT aqx-cellhist1t-6 try 2/40 job_id=9721146c-10e0-4978-bc1f-2f27898737c9
=== 17:01 SUBMIT aqx-cellhist1t-7 try 2/40 job_id=716759ae-3a7e-4033-90a5-7bf03b3ccb8e
=== 17:02 SUBMIT aqx-cellhist1t-39 try 1/40 job_id=2ea13d61-e1ba-4a98-92d8-0135db0cb5b2
=== 17:02 SUBMIT aqx-cellhist1t-40 try 1/40 job_id=a27879d1-1541-4b7f-ab0c-4f5d734e7dd3
=== 17:03 SUBMIT aqx-cellhist1t-41 try 1/40 job_id=4158c284-ec20-46e0-8ae4-b27a6b40ee3d
=== 17:03 SUBMIT aqx-cellhist1t-42 try 1/40 job_id=9e9f85c0-719c-46f7-a148-17d797570055
=== 17:04 SUBMIT aqx-cellhist1t-43 try 1/40 job_id=5cbd4b8a-e46f-472c-8a35-34c7ac9c0512
=== 17:04 SUBMIT aqx-cellhist1t-44 try 1/40 job_id=2eb03261-0853-4354-aa98-1f54f41c638f
=== 17:05 SUBMIT aqx-cellhist1t-45 try 1/40 job_id=48b343ae-b16d-486c-92d5-59b18d4897c9
=== 17:05 SUBMIT aqx-cellhist1t-46 try 1/40 job_id=abd47bc6-6956-4776-a772-9c8dd7bba651
=== 17:06 SUBMIT aqx-cellhist1t-47 try 1/40 job_id=0129bbbe-67d6-44c3-9509-4be7dfe2df6d
=== 17:06 SUBMIT aqx-cellhist1t-48 try 1/40 job_id=e66dfbb9-b2b0-4ffa-bec5-010934ff4893
=== 17:07 SUBMIT aqx-cellhist1t-49 try 1/40 job_id=4701dd21-118d-4d60-bd7d-31e8b5f0a33b
=== 17:08 DONE aqx-cellhist1t-0
=== 17:08 DONE aqx-cellhist1t-1
=== 17:08 DONE aqx-cellhist1t-2
=== 17:08 DONE aqx-cellhist1t-3
=== 17:08 DONE aqx-cellhist1t-4
=== 17:08 DONE aqx-cellhist1t-5
=== 17:08 DONE aqx-cellhist1t-6
=== 17:08 DONE aqx-cellhist1t-7
=== 17:08 DONE aqx-cellhist1t-39
=== 17:08 DONE aqx-cellhist1t-40
=== 17:08 DONE aqx-cellhist1t-41
=== 17:08 DONE aqx-cellhist1t-42
=== 17:08 DONE aqx-cellhist1t-43
=== 17:08 DONE aqx-cellhist1t-44
=== 17:08 DONE aqx-cellhist1t-45
=== 17:08 DONE aqx-cellhist1t-47
=== 17:08 DONE aqx-cellhist1t-48
=== 17:08 DONE aqx-cellhist1t-49
=== 17:08 SUBMIT aqx-cellhist1t-50 try 1/40 job_id=4ea8f880-fa2a-4561-a3c3-773e50991d8b
=== 17:09 SUBMIT aqx-cellhist1t-51 try 1/40 job_id=d0870a84-c018-4319-851b-9f3579fabdba
=== 17:09 SUBMIT aqx-cellhist1t-52 try 1/40 job_id=67020ee0-7bdb-4318-912a-06e6c6f4a794
=== 17:10 SUBMIT aqx-cellhist1t-53 try 1/40 job_id=ab3cad5b-c836-4009-a65c-007fa137fee9
=== 17:10 SUBMIT aqx-cellhist1t-54 try 1/40 job_id=190d8788-aedc-4004-b11c-e0a407f6807e
=== 17:11 SUBMIT aqx-cellhist1t-55 try 1/40 job_id=496c6f35-588c-4407-9147-a7cdea07b35a
=== 17:11 SUBMIT aqx-cellhist1t-56 try 1/40 job_id=70b3682b-2a98-43a9-819f-4c606898850f
=== 17:12 SUBMIT aqx-cellhist1t-57 try 1/40 job_id=cf92875f-c9ce-459b-b8e2-7b8cbdbe7b73
=== 17:12 SUBMIT aqx-cellhist1t-58 try 1/40 job_id=34f516bf-db12-4620-987d-feb14d47f297
=== 17:13 SUBMIT aqx-cellhist1t-59 try 1/40 job_id=73babd5d-71bc-4ddd-9e65-e46706b7462b
=== 17:13 SUBMIT aqx-cellhist1t-60 try 1/40 job_id=85499775-7304-4c66-bd73-2c19b954584e
=== 17:14 SUBMIT aqx-cellhist1t-61 try 1/40 job_id=b37186a2-b3db-4cff-94d1-22cb69c7cc60
=== 17:14 SUBMIT aqx-cellhist1t-62 try 1/40 job_id=a07f118e-dedd-475c-b2cb-1c492dbe0295
=== 17:15 SUBMIT aqx-cellhist1t-63 try 1/40 job_id=f1a74451-22b0-45e9-a106-8f67d54253b2
=== 17:15 SUBMIT aqx-cellhist1t-64 try 1/40 job_id=8eb96fe8-ed5a-4b4e-8c62-06c1c28c5821
=== 17:16 SUBMIT aqx-cellhist1t-65 try 1/40 job_id=7d295470-efeb-48ef-ad9f-83291721f9bf
=== 17:16 SUBMIT aqx-cellhist1t-66 try 1/40 job_id=c0bb28a0-b667-4099-aac4-56420142ba83
=== 17:17 SUBMIT aqx-cellhist1t-67 try 1/40 job_id=4841b985-826c-4995-be0c-9b4d0c10c034
=== 17:18 DONE aqx-cellhist1t-50
=== 17:18 DONE aqx-cellhist1t-51
=== 17:18 DONE aqx-cellhist1t-52
=== 17:18 DONE aqx-cellhist1t-53
=== 17:18 DONE aqx-cellhist1t-54
=== 17:18 DONE aqx-cellhist1t-55
=== 17:18 DONE aqx-cellhist1t-56
=== 17:18 DONE aqx-cellhist1t-57
=== 17:18 DONE aqx-cellhist1t-58
=== 17:18 DONE aqx-cellhist1t-59
=== 17:18 DONE aqx-cellhist1t-60
=== 17:18 DONE aqx-cellhist1t-61
=== 17:18 DONE aqx-cellhist1t-62
=== 17:18 DONE aqx-cellhist1t-63
=== 17:18 DONE aqx-cellhist1t-64
=== 17:18 DONE aqx-cellhist1t-65
=== 17:18 DONE aqx-cellhist1t-66
=== 17:18 DONE aqx-cellhist1t-67
=== 17:18 SUBMIT aqx-cellhist1t-68 try 1/40 job_id=bf4f1cf4-c1c1-4ed2-b903-e40be554a544
=== 17:19 SUBMIT aqx-cellhist1t-69 try 1/40 job_id=a3da95ad-af22-4db9-87bf-ee08ae60daf6
=== 17:19 SUBMIT aqx-cellhist1t-70 try 1/40 job_id=2bcc94be-013d-44ab-8a17-01a809d14276
=== 17:20 SUBMIT aqx-cellhist1t-71 try 1/40 job_id=678645df-3a7e-4d33-b8f6-64ae7fbb9765
=== 17:20 SUBMIT aqx-cellhist1t-72 try 1/40 job_id=5a04f980-0f30-4b2e-8011-114f3caa40be
=== 17:21 SUBMIT aqx-cellhist1t-73 try 1/40 job_id=bdd9874b-c286-49cf-bca9-67a7474adc3a
=== 17:21 SUBMIT aqx-cellhist1t-74 try 1/40 job_id=c30c3d09-0c1f-4d86-9d6f-5232e545b7e7
=== 17:22 SUBMIT aqx-cellhist1t-75 try 1/40 job_id=2edc31f0-0315-432a-96b0-290ced8aba8b
=== 17:22 SUBMIT aqx-cellhist1t-76 try 1/40 job_id=0c0c9754-cdf1-4965-a690-48c672cebbc3
=== 17:23 SUBMIT aqx-cellhist1t-77 try 1/40 job_id=667c6a7c-deec-4dc5-9359-4d8987227926
=== 17:23 SUBMIT aqx-cellhist1t-78 try 1/40 job_id=8e4ae82d-61df-4a31-9cad-f0b90fa2d27f
=== 17:24 SUBMIT aqx-cellhist1t-79 try 1/40 job_id=0d308588-e3d0-46b8-8f14-7e70a09a8771
=== 17:24 SUBMIT aqx-cellhist1t-80 try 1/40 job_id=4bdd34c3-b8c7-4a35-9039-e42cbcad370e
=== 17:25 SUBMIT aqx-cellhist1t-81 try 1/40 job_id=e3de1d55-86cf-4b1b-9dad-8ce9ae945e24
=== 17:25 SUBMIT aqx-cellhist1t-82 try 1/40 job_id=4b56f9b8-34a2-498c-95a9-919c6ef239e4
=== 17:26 SUBMIT aqx-cellhist1t-83 try 1/40 job_id=be83c49c-2059-4be2-b290-a667db35ca88
=== 17:26 SUBMIT aqx-cellhist1t-84 try 1/40 job_id=39ff4f46-1618-4342-8161-de54e0900b99
=== 17:27 SUBMIT aqx-cellhist1t-85 try 1/40 job_id=d99b21e2-3a11-4020-bc27-53001f5cc6e2
=== 17:28 DONE aqx-cellhist1t-68
=== 17:28 DONE aqx-cellhist1t-69
=== 17:28 DONE aqx-cellhist1t-70
=== 17:28 DONE aqx-cellhist1t-71
=== 17:28 DONE aqx-cellhist1t-72
=== 17:28 DONE aqx-cellhist1t-73
=== 17:28 DONE aqx-cellhist1t-74
=== 17:28 DONE aqx-cellhist1t-75
=== 17:28 DONE aqx-cellhist1t-76
=== 17:28 DONE aqx-cellhist1t-77
=== 17:28 DONE aqx-cellhist1t-78
=== 17:28 DONE aqx-cellhist1t-79
=== 17:28 DONE aqx-cellhist1t-80
=== 17:28 DONE aqx-cellhist1t-81
=== 17:28 DONE aqx-cellhist1t-82
=== 17:28 DONE aqx-cellhist1t-83
=== 17:28 DONE aqx-cellhist1t-84
=== 17:28 DONE aqx-cellhist1t-85
=== 17:28 SUBMIT aqx-cellhist1t-86 try 1/40 job_id=76983cfc-9781-44fb-9027-ff80884a8c5f
=== 17:29 SUBMIT aqx-cellhist1t-87 try 1/40 job_id=3b797aa4-7495-44d0-aa69-09fd81aa90b3
=== 17:29 SUBMIT aqx-cellhist1t-88 try 1/40 job_id=5dcba96f-a93b-4214-8224-5b4b404f1b65
=== 17:30 SUBMIT aqx-cellhist1t-89 try 1/40 job_id=4af5bfd8-65be-48b2-97ac-08d855795295
=== 17:30 SUBMIT aqx-cellhist1t-90 try 1/40 job_id=65f77ca7-2bb2-4bb6-b46a-3cfa46e16eb9
=== 17:31 SUBMIT aqx-cellhist1t-91 try 1/40 job_id=bd4323d5-c8c3-4718-92c1-086f91c5c24f
=== 17:31 SUBMIT aqx-cellhist1t-92 try 1/40 job_id=5cea1cee-b362-4250-9d05-df9cb47cc6d2
=== 17:32 SUBMIT aqx-cellhist1t-93 try 1/40 job_id=28006d5a-5354-4cfc-9781-c77186a17580
=== 17:32 SUBMIT aqx-cellhist1t-94 try 1/40 job_id=c0994bc8-93fa-4715-bb3f-dc0d78282be9
=== 17:33 SUBMIT aqx-cellhist1t-95 try 1/40 job_id=2a010596-2292-41c3-b307-6de677d13451
=== 17:33 SUBMIT aqx-cellhist1t-96 try 1/40 job_id=6845bef9-6bb8-45c1-8355-a8967c216c98
=== 17:34 SUBMIT aqx-cellhist1t-97 try 1/40 job_id=a072cd3b-d174-4635-9ffe-5f3ef239be50
=== 17:34 SUBMIT aqx-cellhist1t-98 try 1/40 job_id=de2c39b0-71d7-472d-a547-2e50a24f1403
=== 17:35 SUBMIT aqx-cellhist1t-99 try 1/40 job_id=bb472ff9-cd34-4f52-9dd5-f01d87996598
=== 17:35 SUBMIT aqx-cellhist1t-100 try 1/40 job_id=7eee9cf8-0261-4ad1-8b6b-53466d8db412
=== 17:36 SUBMIT aqx-cellhist1t-101 try 1/40 job_id=27d8dca0-7d21-486e-bb3b-b2b3c13bf920
=== 17:36 SUBMIT aqx-cellhist1t-102 try 1/40 job_id=105f4f45-48a1-4787-a8a2-289102435b0a
=== 17:37 SUBMIT aqx-cellhist1t-103 try 1/40 job_id=413a73ed-b82f-49f6-a6ee-8e8638bf28b1
=== 17:38 DONE aqx-cellhist1t-86
=== 17:38 DONE aqx-cellhist1t-87
=== 17:38 DONE aqx-cellhist1t-88
=== 17:38 DONE aqx-cellhist1t-90
=== 17:38 DONE aqx-cellhist1t-91
=== 17:38 DONE aqx-cellhist1t-92
=== 17:38 DONE aqx-cellhist1t-93
=== 17:38 DONE aqx-cellhist1t-94
=== 17:38 DONE aqx-cellhist1t-95
=== 17:38 DONE aqx-cellhist1t-96
=== 17:38 DONE aqx-cellhist1t-97
=== 17:38 DONE aqx-cellhist1t-98
=== 17:38 DONE aqx-cellhist1t-99
=== 17:38 DONE aqx-cellhist1t-100
=== 17:38 DONE aqx-cellhist1t-101
=== 17:38 DONE aqx-cellhist1t-102
=== 17:38 DONE aqx-cellhist1t-103
=== 17:38 SUBMIT aqx-cellhist1t-104 try 1/40 job_id=0fb9fc94-2aaf-487d-9f3b-6e3e715fdd1b
=== 17:39 SUBMIT aqx-cellhist1t-105 try 1/40 job_id=32dfb836-7b96-4bb6-95d5-4088302422ca
=== 17:39 SUBMIT aqx-cellhist1t-106 try 1/40 job_id=a8e6f7f2-de7a-4e57-95e5-c4711dd016ba
=== 17:40 SUBMIT aqx-cellhist1t-107 try 1/40 job_id=eb617f74-811f-4531-9068-5fb603dbc3e3
=== 17:40 SUBMIT aqx-cellhist1t-108 try 1/40 job_id=abbdb7ec-0d4a-4bfc-ac66-b287c0148850
=== 17:41 SUBMIT aqx-cellhist1t-109 try 1/40 job_id=a937cef5-58cb-49f1-9a80-33a0aa88497e
=== 17:41 SUBMIT aqx-cellhist1t-110 try 1/40 job_id=21f1acee-aa86-4d2c-aa2b-a26febb36403
=== 17:42 SUBMIT aqx-cellhist1t-111 try 1/40 job_id=fb0369fa-03d6-4083-9d88-77b47560115a
=== 17:42 SUBMIT aqx-cellhist1t-112 try 1/40 job_id=c2d48d59-db7d-42f6-8694-b249a78d6b7a
=== 17:43 SUBMIT aqx-cellhist1t-113 try 1/40 job_id=5c853b19-351f-47ac-8755-c473b67ce4ce
=== 17:43 SUBMIT aqx-cellhist1t-114 try 1/40 job_id=161741a8-acda-4945-a35f-962c3a0270ae
=== 17:44 SUBMIT aqx-cellhist1t-115 try 1/40 job_id=8e77d24a-bf7f-4c54-b200-a61e02f756fc
=== 17:44 SUBMIT aqx-cellhist1t-116 try 1/40 job_id=807f1bc9-1da1-4d43-9afa-d9f9da4bc2f0
=== 17:45 SUBMIT aqx-cellhist1t-117 try 1/40 job_id=60f8203b-c908-4a95-92d3-0e36cb0de60b
=== 17:45 SUBMIT aqx-cellhist1t-118 try 1/40 job_id=b4fffcca-d817-4b77-b8a4-3f5882ca772f
=== 17:46 SUBMIT aqx-cellhist1t-119 try 1/40 job_id=28e02d24-0078-446a-8b36-66de929079c1
=== 17:46 SUBMIT aqx-cellhist1t-120 try 1/40 job_id=1e8e8037-8682-4041-86aa-9df4de24cf65
=== 17:47 RECYCLE aqx-cellhist1t-34: no Running pod after 45m
=== 17:47 BACKOFF aqx-cellhist1t-34 120s before try 2
=== 17:47 DONE aqx-cellhist1t-104
=== 17:47 DONE aqx-cellhist1t-105
=== 17:47 DONE aqx-cellhist1t-106
=== 17:47 DONE aqx-cellhist1t-107
=== 17:47 DONE aqx-cellhist1t-108
=== 17:47 DONE aqx-cellhist1t-109
=== 17:47 DONE aqx-cellhist1t-110
=== 17:47 DONE aqx-cellhist1t-111
=== 17:47 DONE aqx-cellhist1t-112
=== 17:47 DONE aqx-cellhist1t-113
=== 17:47 DONE aqx-cellhist1t-114
=== 17:47 DONE aqx-cellhist1t-115
=== 17:47 DONE aqx-cellhist1t-116
=== 17:47 DONE aqx-cellhist1t-117
=== 17:47 DONE aqx-cellhist1t-118
=== 17:47 DONE aqx-cellhist1t-119
=== 17:47 DONE aqx-cellhist1t-120
=== 17:48 SUBMIT aqx-cellhist1t-121 try 1/40 job_id=bf14d4ae-695a-4965-b756-afa6b6380eaf
=== 17:48 SUBMIT aqx-cellhist1t-122 try 1/40 job_id=bead8cee-fc12-44e7-9065-87ddf044f79c
=== 17:49 SUBMIT aqx-cellhist1t-123 try 1/40 job_id=00792c5a-4a3f-4bbc-bcdb-c166b0b0130d
=== 17:49 SUBMIT aqx-cellhist1t-124 try 1/40 job_id=8ef2668a-78d2-4ff5-8995-407ea867a611
=== 17:50 SUBMIT aqx-cellhist1t-125 try 1/40 job_id=5ec4682b-d540-4890-bb9b-c56006eafd8d
=== 17:50 SUBMIT aqx-cellhist1t-126 try 1/40 job_id=9a65e03a-a119-4be2-9075-8d3ad4c09643
=== 17:51 SUBMIT aqx-cellhist1t-127 try 1/40 job_id=a9c9776b-28c9-4970-bf21-94a4cae62f7d
=== 17:51 SUBMIT aqx-cellhist1t-128 try 1/40 job_id=d87b82cb-b831-4785-8eae-c55cf03d8504
=== 17:52 SUBMIT aqx-cellhist1t-129 try 1/40 job_id=90fd0b08-fd65-4b79-8d22-7ae4184a0ff5
=== 17:52 SUBMIT aqx-cellhist1t-130 try 1/40 job_id=f52f7313-3678-4527-b9fe-a890fc76c940
=== 17:53 SUBMIT aqx-cellhist1t-131 try 1/40 job_id=20199779-456c-4090-99a2-269985d468f4
=== 17:53 SUBMIT aqx-cellhist1t-132 try 1/40 job_id=1fc08e16-e8db-4dc4-972b-9c40d62f524c
=== 17:54 SUBMIT aqx-cellhist1t-133 try 1/40 job_id=b22dafb6-f7a4-4073-ba07-2154b9b98492
=== 17:54 SUBMIT aqx-cellhist1t-134 try 1/40 job_id=59282f24-faab-44f6-a4d5-dfa040db966f
=== 17:55 SUBMIT aqx-cellhist1t-135 try 1/40 job_id=403987e1-082b-4bd6-aeaf-c90714153c2e
=== 17:55 SUBMIT aqx-cellhist1t-136 try 1/40 job_id=dbfc08cc-231e-41a5-a386-4ff594bd5ec9
=== 17:56 SUBMIT aqx-cellhist1t-137 try 1/40 job_id=b9c94e30-5b33-4297-9c6a-18e9b0fe9bff
=== 17:56 SUBMIT aqx-cellhist1t-138 try 1/40 job_id=1f0dd856-6d06-4725-8366-0720c25a9417
=== 17:57 RECYCLE aqx-cellhist1t-46: no Running pod after 45m
=== 17:57 BACKOFF aqx-cellhist1t-46 120s before try 2
=== 17:57 DONE aqx-cellhist1t-121
=== 17:57 DONE aqx-cellhist1t-122
=== 17:57 DONE aqx-cellhist1t-123
=== 17:57 DONE aqx-cellhist1t-124
=== 17:57 DONE aqx-cellhist1t-125
=== 17:57 DONE aqx-cellhist1t-126
=== 17:57 DONE aqx-cellhist1t-127
=== 17:57 DONE aqx-cellhist1t-128
=== 17:57 DONE aqx-cellhist1t-129
=== 17:57 DONE aqx-cellhist1t-130
=== 17:57 DONE aqx-cellhist1t-131
=== 17:57 DONE aqx-cellhist1t-132
=== 17:57 DONE aqx-cellhist1t-133
=== 17:57 DONE aqx-cellhist1t-134
=== 17:57 DONE aqx-cellhist1t-135
=== 17:57 DONE aqx-cellhist1t-136
=== 17:57 DONE aqx-cellhist1t-137
=== 17:57 DONE aqx-cellhist1t-138
=== 17:58 SUBMIT aqx-cellhist1t-34 try 2/40 job_id=5c73e8b0-0d8f-46ee-8023-4394eb3f61f6
=== 17:58 SUBMIT aqx-cellhist1t-139 try 1/40 job_id=376109e5-a233-48fa-ae7f-0d1a962e81e7
=== 17:59 SUBMIT aqx-cellhist1t-140 try 1/40 job_id=f967dd54-ae37-4389-b101-85017c6c77f3
=== 17:59 SUBMIT aqx-cellhist1t-141 try 1/40 job_id=06278d79-3036-4c8d-9f3f-42fc1259cf62
=== 18:00 SUBMIT aqx-cellhist1t-142 try 1/40 job_id=c268f655-d2ee-496e-82a2-897c58c84e68
=== 18:00 SUBMIT aqx-cellhist1t-143 try 1/40 job_id=7a993d13-63a7-4a3c-85b0-2afeb4e943a5
=== 18:01 SUBMIT aqx-cellhist1t-144 try 1/40 job_id=69bf858f-c685-442f-89c0-78467263722d
=== 18:01 SUBMIT aqx-cellhist1t-145 try 1/40 job_id=9f0dc08f-a1a2-4170-90b6-f2b4a674bfaf
=== 18:02 SUBMIT aqx-cellhist1t-146 try 1/40 job_id=c354cfba-5695-437f-a30e-39404c9a42fd
=== 18:02 SUBMIT aqx-cellhist1t-147 try 1/40 job_id=6b6f1d49-e5ba-4394-bf77-2fb07327a758
=== 18:03 SUBMIT aqx-cellhist1t-148 try 1/40 job_id=3909d9c1-44a1-40db-a80c-ea749f4fef52
=== 18:03 SUBMIT aqx-cellhist1t-149 try 1/40 job_id=082a0a8f-7430-4e2c-9674-85a50254549c
=== 18:04 SUBMIT aqx-cellhist1t-150 try 1/40 job_id=ab1bb493-cfe3-4cc1-995b-10531b1222b3
=== 18:04 SUBMIT aqx-cellhist1t-151 try 1/40 job_id=f8ef1a3f-8753-4d9f-9c90-113c227a4f94
=== 18:05 SUBMIT aqx-cellhist1t-152 try 1/40 job_id=d22a2253-8ed7-419c-a34c-a8a2ad655278
=== 18:05 SUBMIT aqx-cellhist1t-153 try 1/40 job_id=72f2ce9a-4483-4d7e-bc26-6312639fb525
=== 18:06 SUBMIT aqx-cellhist1t-154 try 1/40 job_id=50afbbe1-7ed3-4868-8d7e-95d4c62bae26
=== 18:06 SUBMIT aqx-cellhist1t-155 try 1/40 job_id=0c0bc68d-4c6c-452c-a8fd-d810686a6155
=== 18:07 SUBMIT aqx-cellhist1t-156 try 1/40 job_id=a5ac17fc-d0a9-409c-9456-96e8b6fcb614
=== 18:08 DONE aqx-cellhist1t-34
=== 18:08 DONE aqx-cellhist1t-139
=== 18:08 DONE aqx-cellhist1t-140
=== 18:08 DONE aqx-cellhist1t-141
=== 18:08 DONE aqx-cellhist1t-142
=== 18:08 DONE aqx-cellhist1t-143
=== 18:08 DONE aqx-cellhist1t-144
=== 18:08 DONE aqx-cellhist1t-145
=== 18:08 DONE aqx-cellhist1t-146
=== 18:08 DONE aqx-cellhist1t-147
=== 18:08 DONE aqx-cellhist1t-148
=== 18:08 DONE aqx-cellhist1t-149
=== 18:08 DONE aqx-cellhist1t-150
=== 18:08 DONE aqx-cellhist1t-151
=== 18:08 DONE aqx-cellhist1t-152
=== 18:08 DONE aqx-cellhist1t-153
=== 18:08 DONE aqx-cellhist1t-154
=== 18:08 DONE aqx-cellhist1t-155
=== 18:08 DONE aqx-cellhist1t-156
=== 18:08 SUBMIT aqx-cellhist1t-46 try 2/40 job_id=803168d2-20d6-416b-ba9d-6a5aca54b831
=== 18:09 SUBMIT aqx-cellhist1t-157 try 1/40 job_id=8863e47e-85a4-4ef9-89b8-71ea291f0ce9
=== 18:09 SUBMIT aqx-cellhist1t-158 try 1/40 job_id=0c05ea68-b003-42ff-aa57-ef583bb09bb4
=== 18:10 SUBMIT aqx-cellhist1t-159 try 1/40 job_id=58c141ce-6276-48d6-99a3-0ae056ef608e
=== 18:10 SUBMIT aqx-cellhist1t-160 try 1/40 job_id=b7a690dc-01d4-416d-92de-0c531a92db6e
=== 18:11 SUBMIT aqx-cellhist1t-161 try 1/40 job_id=21627bd1-734c-4748-890c-9ab0cd9f1af6
=== 18:11 SUBMIT aqx-cellhist1t-162 try 1/40 job_id=41147810-6a7d-4d05-a374-0a8af9185123
=== 18:12 SUBMIT aqx-cellhist1t-163 try 1/40 job_id=e8038112-8649-4548-8b5d-87a78045180a
=== 18:12 SUBMIT aqx-cellhist1t-164 try 1/40 job_id=95197521-85e0-43e9-ae2b-acd25cfe37ed
=== 18:13 SUBMIT aqx-cellhist1t-165 try 1/40 job_id=0856930d-2e92-43a3-a61e-1f6b0dcf804a
=== 18:13 SUBMIT aqx-cellhist1t-166 try 1/40 job_id=b58c6716-958f-496a-a5da-12bc10066f4f
=== 18:14 SUBMIT aqx-cellhist1t-167 try 1/40 job_id=ac6cad9d-66e4-4d6a-88d7-3295b779a9a1
=== 18:14 SUBMIT aqx-cellhist1t-168 try 1/40 job_id=9f1b24cc-13f5-4ef7-994e-4fe689fefcf0
=== 18:15 SUBMIT aqx-cellhist1t-169 try 1/40 job_id=5bdb4576-eff8-4859-b734-a8f1b27cb2cd
=== 18:15 SUBMIT aqx-cellhist1t-170 try 1/40 job_id=debd70ae-5938-4bb0-a331-f7aa150090b9
=== 18:16 SUBMIT aqx-cellhist1t-171 try 1/40 job_id=9cab6b0c-4ebc-4657-beab-9cabfd8b87d7
=== 18:16 SUBMIT aqx-cellhist1t-172 try 1/40 job_id=5662c371-8f61-4224-8a79-d4a9b6514a87
=== 18:17 SUBMIT aqx-cellhist1t-173 try 1/40 job_id=786b9cc0-bec4-4acd-ac26-6bcd1fd2a7c7
=== 18:17 SUBMIT aqx-cellhist1t-174 try 1/40 job_id=6636dc7a-5d79-4938-8c2d-1b2aebb57dd9
=== 18:18 RECYCLE aqx-cellhist1t-89: no Running pod after 45m
=== 18:18 BACKOFF aqx-cellhist1t-89 120s before try 2
=== 18:18 DONE aqx-cellhist1t-46
=== 18:18 DONE aqx-cellhist1t-157
=== 18:18 DONE aqx-cellhist1t-158
=== 18:18 DONE aqx-cellhist1t-159
=== 18:18 DONE aqx-cellhist1t-160
=== 18:18 DONE aqx-cellhist1t-161
=== 18:18 DONE aqx-cellhist1t-162
=== 18:18 DONE aqx-cellhist1t-163
=== 18:18 DONE aqx-cellhist1t-164
=== 18:18 DONE aqx-cellhist1t-165
=== 18:18 DONE aqx-cellhist1t-166
=== 18:18 DONE aqx-cellhist1t-167
=== 18:18 DONE aqx-cellhist1t-168
=== 18:18 DONE aqx-cellhist1t-169
=== 18:18 DONE aqx-cellhist1t-170
=== 18:18 DONE aqx-cellhist1t-171
=== 18:18 DONE aqx-cellhist1t-172
=== 18:18 DONE aqx-cellhist1t-173
=== 18:18 DONE aqx-cellhist1t-174
=== 18:19 SUBMIT aqx-cellhist1t-175 try 1/40 job_id=a48211c5-6da8-4b33-8c3c-a02327e9c932
=== 18:19 SUBMIT aqx-cellhist1t-176 try 1/40 job_id=312ce08e-1c0d-4e3e-adc9-cbf29df4b6ef
=== 18:20 SUBMIT aqx-cellhist1t-177 try 1/40 job_id=95c2ac31-5cef-41be-9734-857688ddc19e
=== 18:20 SUBMIT aqx-cellhist1t-178 try 1/40 job_id=cc6a61f7-6191-4e3a-a083-2f2f5d7076e2
=== 18:21 SUBMIT aqx-cellhist1t-179 try 1/40 job_id=17a35351-2064-42bb-8937-31842a80f7c8
=== 18:21 SUBMIT aqx-cellhist1t-180 try 1/40 job_id=d2d82c02-e326-4547-bd0c-54413def4918
=== 18:22 SUBMIT aqx-cellhist1t-181 try 1/40 job_id=3ce3141d-301c-4898-acfe-67368bda12f3
=== 18:22 SUBMIT aqx-cellhist1t-182 try 1/40 job_id=ee1c83e2-54e6-45df-ab5d-22089f014b96
=== 18:23 SUBMIT aqx-cellhist1t-183 try 1/40 job_id=f279f842-c26b-49e3-938a-1c49ca667695
=== 18:23 SUBMIT aqx-cellhist1t-184 try 1/40 job_id=46704063-d968-451e-a714-8004345ac413
=== 18:24 SUBMIT aqx-cellhist1t-185 try 1/40 job_id=799071f0-c367-4019-b4a7-2b9bf8253422
=== 18:24 SUBMIT aqx-cellhist1t-186 try 1/40 job_id=94a0d681-e1a9-4e00-b440-6ef19dec939b
=== 18:25 SUBMIT aqx-cellhist1t-187 try 1/40 job_id=1c74e28b-c8f4-4a04-9079-647f3f0507b8
=== 18:25 SUBMIT aqx-cellhist1t-188 try 1/40 job_id=49a25031-f845-4872-bef6-8af859d80807
=== 18:26 SUBMIT aqx-cellhist1t-189 try 1/40 job_id=1e87abca-f9d9-4c63-9c1f-f7d628864ae2
=== 18:26 SUBMIT aqx-cellhist1t-190 try 1/40 job_id=dc131594-2610-4cf2-aa07-8e1240dce557
=== 18:27 SUBMIT aqx-cellhist1t-191 try 1/40 job_id=17ad0ff2-fa30-4ab2-991a-b8759d774560
=== 18:27 SUBMIT aqx-cellhist1t-192 try 1/40 job_id=03892061-728b-4d2a-a11f-c5748c857e46
=== 18:28 SUBMIT aqx-cellhist1t-193 try 1/40 job_id=f6b0437d-4c88-4dde-8ef3-6bbc0ab1abd6
=== 18:28 SUBMIT aqx-cellhist1t-194 try 1/40 job_id=201485d9-69c7-4052-b621-c2aa39424c0a
=== 18:29 DONE aqx-cellhist1t-175
=== 18:29 DONE aqx-cellhist1t-176
=== 18:29 DONE aqx-cellhist1t-177
=== 18:29 DONE aqx-cellhist1t-178
=== 18:29 DONE aqx-cellhist1t-179
=== 18:29 DONE aqx-cellhist1t-180
=== 18:29 DONE aqx-cellhist1t-181
=== 18:29 DONE aqx-cellhist1t-182
=== 18:29 DONE aqx-cellhist1t-183
=== 18:29 DONE aqx-cellhist1t-184
=== 18:29 DONE aqx-cellhist1t-185
=== 18:29 DONE aqx-cellhist1t-186
=== 18:29 DONE aqx-cellhist1t-187
=== 18:29 DONE aqx-cellhist1t-188
=== 18:29 DONE aqx-cellhist1t-189
=== 18:29 DONE aqx-cellhist1t-190
=== 18:29 DONE aqx-cellhist1t-191
=== 18:29 DONE aqx-cellhist1t-192
=== 18:29 DONE aqx-cellhist1t-193
=== 18:29 DONE aqx-cellhist1t-194
=== 18:30 SUBMIT aqx-cellhist1t-89 try 2/40 job_id=f8648569-7806-442a-935e-40186b4d44a3
=== 18:30 SUBMIT aqx-cellhist1t-195 try 1/40 job_id=ac930457-ee55-4ff1-a6d1-d7dc74bc0b83
=== 18:31 SUBMIT aqx-cellhist1t-196 try 1/40 job_id=d18ad65d-9cd0-470b-88b9-d3e52b3d5fad
=== 18:31 SUBMIT aqx-cellhist1t-197 try 1/40 job_id=6f4687ee-6363-425d-a8d2-92d3ed16a09a
=== 18:32 SUBMIT aqx-cellhist1t-198 try 1/40 job_id=ba440b89-82d1-414e-a34b-377a03583966
=== 18:32 SUBMIT aqx-cellhist1t-199 try 1/40 job_id=690a55b2-0a64-4368-9a34-1159fe8a1bc7
=== 18:33 SUBMIT aqx-cellhist1t-200 try 1/40 job_id=46fb47e8-7703-4764-84da-7a7e25641824
=== 18:33 SUBMIT aqx-cellhist1t-201 try 1/40 job_id=1721df3c-2955-4bad-86e6-d6d5f9ec24d0
=== 18:34 SUBMIT aqx-cellhist1t-202 try 1/40 job_id=de8e924a-d118-4ba5-b9f2-5105758bff6b
=== 18:34 SUBMIT aqx-cellhist1t-203 try 1/40 job_id=56c8b4a6-d321-4a20-8382-c348bc793bf6
=== 18:35 SUBMIT aqx-cellhist1t-204 try 1/40 job_id=4615d29e-c8ab-4f4f-98ab-70ed822aa1ef
=== 18:35 SUBMIT aqx-cellhist1t-205 try 1/40 job_id=a5f6b4e2-31aa-45a3-b629-3bf51b4c1a93
=== 18:36 SUBMIT aqx-cellhist1t-206 try 1/40 job_id=a3e5ddcc-46d1-4c14-ae4f-340f7a31edbe
=== 18:36 SUBMIT aqx-cellhist1t-207 try 1/40 job_id=afed8b3c-1a8b-4dba-8750-932ba55ca46d
=== 18:37 SUBMIT aqx-cellhist1t-208 try 1/40 job_id=447ad96b-a069-4e29-aa16-491df5c55fcb
=== 18:37 SUBMIT aqx-cellhist1t-209 try 1/40 job_id=5bfa3e85-5586-4586-b64b-65062b6c74b6
=== 18:38 SUBMIT aqx-cellhist1t-210 try 1/40 job_id=6f56f411-1996-439c-ba1f-bee3e8dcccff
=== 18:38 SUBMIT aqx-cellhist1t-211 try 1/40 job_id=220e0b12-3059-4aa9-9bea-0f6778a86ecd
=== 18:39 SUBMIT aqx-cellhist1t-212 try 1/40 job_id=7b5a5d96-35c0-44d1-bb1d-7fd5727c6f94
=== 18:39 SUBMIT aqx-cellhist1t-213 try 1/40 job_id=c5f64f94-b8d1-4159-9656-af90685b74c1
=== 18:41 DONE aqx-cellhist1t-89
=== 18:41 DONE aqx-cellhist1t-195
=== 18:41 DONE aqx-cellhist1t-196
=== 18:41 DONE aqx-cellhist1t-197
=== 18:41 DONE aqx-cellhist1t-198
=== 18:41 DONE aqx-cellhist1t-199
=== 18:41 DONE aqx-cellhist1t-200
=== 18:41 DONE aqx-cellhist1t-201
=== 18:41 DONE aqx-cellhist1t-202
=== 18:41 DONE aqx-cellhist1t-203
=== 18:41 DONE aqx-cellhist1t-204
=== 18:41 DONE aqx-cellhist1t-205
=== 18:41 DONE aqx-cellhist1t-206
=== 18:41 DONE aqx-cellhist1t-207
=== 18:41 DONE aqx-cellhist1t-208
=== 18:41 DONE aqx-cellhist1t-209
=== 18:41 DONE aqx-cellhist1t-210
=== 18:41 DONE aqx-cellhist1t-211
=== 18:41 DONE aqx-cellhist1t-212
=== 18:41 DONE aqx-cellhist1t-213
=== 18:41 SUBMIT aqx-cellhist1t-214 try 1/40 job_id=6d7a996b-da98-468e-b401-49ac042fa820
=== 18:42 SUBMIT aqx-cellhist1t-215 try 1/40 job_id=8b51e523-dd85-4f73-bfed-f2d254c5fedd
=== 18:42 SUBMIT aqx-cellhist1t-216 try 1/40 job_id=58deb83c-7845-45a0-b4c0-b863e02473a4
=== 18:43 SUBMIT aqx-cellhist1t-217 try 1/40 job_id=3d0be6ac-7de9-438c-90b6-3f6be2873719
=== 18:43 SUBMIT aqx-cellhist1t-218 try 1/40 job_id=418e6824-34ec-4b25-b3a1-e33a10fe994e
=== 18:44 SUBMIT aqx-cellhist1t-219 try 1/40 job_id=42c81d2d-3331-4af7-b900-22676e186a64
=== 18:44 SUBMIT aqx-cellhist1t-220 try 1/40 job_id=90289a89-42ea-4208-9d1e-b26d68578fa9
=== 18:45 SUBMIT aqx-cellhist1t-221 try 1/40 job_id=feb6772f-5703-45f4-b65d-c2bdff033a8c
=== 18:45 SUBMIT aqx-cellhist1t-222 try 1/40 job_id=21875f6d-e965-4b62-b657-443881ee9837
=== 18:46 SUBMIT aqx-cellhist1t-223 try 1/40 job_id=93ca5ced-3179-4975-8894-edb995dfa893
=== 18:46 SUBMIT aqx-cellhist1t-224 try 1/40 job_id=e2b3e1a8-628e-44bf-be08-293e633a2cb9
=== 18:47 SUBMIT aqx-cellhist1t-225 try 1/40 job_id=8ff6abbd-5c99-4faa-b1ba-666c5337b29f
=== 18:47 SUBMIT aqx-cellhist1t-226 try 1/40 job_id=1c9b8851-1442-4878-92b4-c2021b4050cf
=== 18:48 SUBMIT aqx-cellhist1t-227 try 1/40 job_id=0c25d3c8-d504-496e-b3cc-9d1b97b2c30f
=== 18:48 SUBMIT aqx-cellhist1t-228 try 1/40 job_id=e74addc2-89fc-49f9-8ac0-7dcf1afc8b17
=== 18:49 SUBMIT aqx-cellhist1t-229 try 1/40 job_id=69822714-5f8a-4586-99fc-bc6c960597d4
=== 18:49 SUBMIT aqx-cellhist1t-230 try 1/40 job_id=e0f3fdde-7470-41ff-a4e8-cae1a90f7cd8
=== 18:50 SUBMIT aqx-cellhist1t-231 try 1/40 job_id=2693d17c-7dd7-4b2a-957c-a9a9d70d80ae
=== 18:50 SUBMIT aqx-cellhist1t-232 try 1/40 job_id=a38fbeaa-82c7-43c8-a5fa-fa7ef7def09a
=== 18:51 SUBMIT aqx-cellhist1t-233 try 1/40 job_id=38e57e2f-3fb8-4d4f-9c1d-d71518d4d174
=== 18:52 DONE aqx-cellhist1t-214
=== 18:52 DONE aqx-cellhist1t-215
=== 18:52 DONE aqx-cellhist1t-216
=== 18:52 DONE aqx-cellhist1t-217
=== 18:52 DONE aqx-cellhist1t-218
=== 18:52 DONE aqx-cellhist1t-219
=== 18:52 DONE aqx-cellhist1t-220
=== 18:52 DONE aqx-cellhist1t-221
=== 18:52 DONE aqx-cellhist1t-222
=== 18:52 DONE aqx-cellhist1t-223
=== 18:52 DONE aqx-cellhist1t-224
=== 18:52 DONE aqx-cellhist1t-225
=== 18:52 DONE aqx-cellhist1t-226
=== 18:52 DONE aqx-cellhist1t-227
=== 18:52 DONE aqx-cellhist1t-228
=== 18:52 DONE aqx-cellhist1t-229
=== 18:52 DONE aqx-cellhist1t-230
=== 18:52 DONE aqx-cellhist1t-231
=== 18:52 DONE aqx-cellhist1t-232
=== 18:52 DONE aqx-cellhist1t-233
=== 18:52 SUBMIT aqx-cellhist1t-234 try 1/40 job_id=1d8231ea-afa8-4571-824a-d50f24fa71ba
=== 18:53 SUBMIT aqx-cellhist1t-235 try 1/40 job_id=1ea7dc3c-0a18-4d2d-b946-d512219a1831
=== 18:53 SUBMIT aqx-cellhist1t-236 try 1/40 job_id=65be5468-e8b8-4a07-8a0b-0b7d49fe8787
=== 18:54 SUBMIT aqx-cellhist1t-237 try 1/40 job_id=2cc70d79-4776-45fd-ad0b-51311295e61d
=== 18:54 SUBMIT aqx-cellhist1t-238 try 1/40 job_id=45b92952-c8c3-4cd4-9388-c71550f9728e
=== 18:55 SUBMIT aqx-cellhist1t-239 try 1/40 job_id=07f83704-806a-45a6-89c6-ba4abedde369
=== 18:55 SUBMIT aqx-cellhist1t-240 try 1/40 job_id=d38b6faa-47d6-473b-87c5-230575078e3b
=== 18:56 SUBMIT aqx-cellhist1t-241 try 1/40 job_id=af557fc3-2bbd-4628-9364-567971aaf4f5
=== 18:56 SUBMIT aqx-cellhist1t-242 try 1/40 job_id=c2a0d18b-c2a6-45bb-a953-370516557d59
=== 18:57 SUBMIT aqx-cellhist1t-243 try 1/40 job_id=30c4cf32-fc6b-45f3-a846-b274e7cd2a37
=== 18:57 SUBMIT aqx-cellhist1t-244 try 1/40 job_id=931de702-dea6-4ee5-8568-f8b8f13b8155
=== 18:58 SUBMIT aqx-cellhist1t-245 try 1/40 job_id=a95c5406-a8ea-48f7-a281-5cf01fbd7482
=== 18:58 SUBMIT aqx-cellhist1t-246 try 1/40 job_id=17c0e363-e489-4ace-aafb-c885f23c042a
=== 18:59 SUBMIT aqx-cellhist1t-247 try 1/40 job_id=d711a29d-d122-412b-80be-fe9c2cdef692
=== 18:59 SUBMIT aqx-cellhist1t-248 try 1/40 job_id=0331ada5-e82b-441c-a648-7c3d6cd80806
=== 19:00 SUBMIT aqx-cellhist1t-249 try 1/40 job_id=b9131744-405c-4589-bfe8-06600c20ec70
=== 19:00 SUBMIT aqx-cellhist1t-250 try 1/40 job_id=9ccdbef3-b5bf-4a87-98fe-54da07ff1c44
=== 19:01 SUBMIT aqx-cellhist1t-251 try 1/40 job_id=b7bc1793-5209-4ab9-a73f-c12fc93694f3
=== 19:01 SUBMIT aqx-cellhist1t-252 try 1/40 job_id=bd3d39c2-2db1-470a-ade8-d9f7c0cefa95
=== 19:02 SUBMIT aqx-cellhist1t-253 try 1/40 job_id=77d54c65-cbcd-4d91-be98-2be092d843a8
=== 19:03 DONE aqx-cellhist1t-234
=== 19:03 DONE aqx-cellhist1t-235
=== 19:03 DONE aqx-cellhist1t-236
=== 19:03 DONE aqx-cellhist1t-237
=== 19:03 DONE aqx-cellhist1t-238
=== 19:03 DONE aqx-cellhist1t-239
=== 19:03 DONE aqx-cellhist1t-240
=== 19:03 DONE aqx-cellhist1t-241
=== 19:03 DONE aqx-cellhist1t-242
=== 19:03 DONE aqx-cellhist1t-243
=== 19:03 DONE aqx-cellhist1t-244
=== 19:03 DONE aqx-cellhist1t-245
=== 19:03 DONE aqx-cellhist1t-246
=== 19:03 DONE aqx-cellhist1t-247
=== 19:03 DONE aqx-cellhist1t-248
=== 19:03 DONE aqx-cellhist1t-249
=== 19:03 DONE aqx-cellhist1t-250
=== 19:03 DONE aqx-cellhist1t-251
=== 19:03 DONE aqx-cellhist1t-252
=== 19:03 DONE aqx-cellhist1t-253
=== 19:03 SUBMIT aqx-cellhist1t-254 try 1/40 job_id=e249cdec-b0e4-4c02-b035-e76f81c6b098
=== 19:04 SUBMIT aqx-cellhist1t-255 try 1/40 job_id=d9a0bffe-5ad0-4a60-bd12-6526cf765eaf
=== 19:04 SUBMIT aqx-cellhist1t-256 try 1/40 job_id=5389187c-b1ba-4443-91af-17142634b0e5
=== 19:05 SUBMIT aqx-cellhist1t-257 try 1/40 job_id=083582a5-35eb-438f-bcd9-71d00ee3722c
=== 19:05 SUBMIT aqx-cellhist1t-258 try 1/40 job_id=11fc35f0-70c5-48aa-99e6-69993200f1ec
=== 19:06 SUBMIT aqx-cellhist1t-259 try 1/40 job_id=4886778e-2811-4a0f-aaf3-57849cb4af13
=== 19:06 SUBMIT aqx-cellhist1t-260 try 1/40 job_id=642f3a7b-294b-4f35-8e15-fffde2f5bd83
=== 19:07 SUBMIT aqx-cellhist1t-261 try 1/40 job_id=04628f42-40af-49fc-b85d-5e2227962fea
=== 19:07 SUBMIT aqx-cellhist1t-262 try 1/40 job_id=d6b12fd7-b474-4b33-ba38-b94cb85f16da
=== 19:08 SUBMIT aqx-cellhist1t-263 try 1/40 job_id=1a54996c-30db-4412-9ff7-0a38ecded71e
=== 19:08 SUBMIT aqx-cellhist1t-264 try 1/40 job_id=14fd27fe-452d-434c-a9c6-8cad70c4c9f0
=== 19:09 SUBMIT aqx-cellhist1t-265 try 1/40 job_id=3cd42207-ec29-4add-9dc4-6b02c1c194e1
=== 19:09 SUBMIT aqx-cellhist1t-266 try 1/40 job_id=99f6debd-d054-4263-af1d-b679edb2c8c9
=== 19:10 SUBMIT aqx-cellhist1t-267 try 1/40 job_id=56d94288-08fe-4bab-80e5-64eb0fca60b1
=== 19:10 SUBMIT aqx-cellhist1t-268 try 1/40 job_id=2fde08c6-dd1e-487a-80f3-f967c1b42cfd
=== 19:11 SUBMIT aqx-cellhist1t-269 try 1/40 job_id=a981e0f9-293a-431c-91a1-ce95b065eb9b
=== 19:11 SUBMIT aqx-cellhist1t-270 try 1/40 job_id=c2774ec1-b1d5-44c8-bd31-cdefa525bc48
=== 19:12 SUBMIT aqx-cellhist1t-271 try 1/40 job_id=38691073-54fe-473d-94ff-4736a0c8c873
=== 19:12 SUBMIT aqx-cellhist1t-272 try 1/40 job_id=13e0b2b5-1bf0-4298-9bfc-dcbf432e63a8
=== 19:13 SUBMIT aqx-cellhist1t-273 try 1/40 job_id=943cd405-ee19-436c-8de5-481e0bd06f32
=== 19:14 DONE aqx-cellhist1t-254
=== 19:14 DONE aqx-cellhist1t-255
=== 19:14 DONE aqx-cellhist1t-256
=== 19:14 DONE aqx-cellhist1t-257
=== 19:14 DONE aqx-cellhist1t-258
=== 19:14 DONE aqx-cellhist1t-259
=== 19:14 DONE aqx-cellhist1t-260
=== 19:14 DONE aqx-cellhist1t-261
=== 19:14 DONE aqx-cellhist1t-262
=== 19:14 DONE aqx-cellhist1t-263
=== 19:14 DONE aqx-cellhist1t-264
=== 19:14 DONE aqx-cellhist1t-265
=== 19:14 DONE aqx-cellhist1t-266
=== 19:14 DONE aqx-cellhist1t-267
=== 19:14 DONE aqx-cellhist1t-268
=== 19:14 DONE aqx-cellhist1t-269
=== 19:14 DONE aqx-cellhist1t-270
=== 19:14 DONE aqx-cellhist1t-271
=== 19:14 DONE aqx-cellhist1t-272
=== 19:14 DONE aqx-cellhist1t-273
=== 19:14 SUBMIT aqx-cellhist1t-274 try 1/40 job_id=f1ad2688-5bbc-4867-8bb5-0e24a40a800b
=== 19:15 SUBMIT aqx-cellhist1t-275 try 1/40 job_id=c719f468-4e24-4498-8e5a-a00cfb85c0c2
=== 19:15 SUBMIT aqx-cellhist1t-276 try 1/40 job_id=6e05b2e7-9116-4d66-818e-3a424879c3e8
=== 19:16 SUBMIT aqx-cellhist1t-277 try 1/40 job_id=c316d103-7898-4688-82b7-d2e63a925853
=== 19:16 SUBMIT aqx-cellhist1t-278 try 1/40 job_id=d19665a0-3f47-4d43-a9b8-c7c844f69e1c
=== 19:17 SUBMIT aqx-cellhist1t-279 try 1/40 job_id=2930fc11-4e61-4c81-9d0b-ae7bea95f84f
=== 19:17 SUBMIT aqx-cellhist1t-280 try 1/40 job_id=fcc22c49-a77e-4dcd-ad50-142fc7e5d557
=== 19:18 SUBMIT aqx-cellhist1t-281 try 1/40 job_id=ad45cce1-5320-4eb0-bb25-1d827b53e20e
=== 19:18 SUBMIT aqx-cellhist1t-282 try 1/40 job_id=09ed5519-2aad-488c-b985-091259094ea3
=== 19:19 SUBMIT aqx-cellhist1t-283 try 1/40 job_id=204e695a-c9de-4c7d-b883-301cd58a0066
=== 19:19 SUBMIT aqx-cellhist1t-284 try 1/40 job_id=e41aaac0-ae83-4ea2-86ab-d5b4678d6a34
=== 19:20 SUBMIT aqx-cellhist1t-285 try 1/40 job_id=0e41c855-a6df-4957-92d8-510136ba2bc3
=== 19:20 SUBMIT aqx-cellhist1t-286 try 1/40 job_id=61b90572-e8d5-4aa0-9c90-f3ea3ab9a7a1
=== 19:21 SUBMIT aqx-cellhist1t-287 try 1/40 job_id=e06eb0f9-a03b-4665-ad46-d47cd976f14b
=== 19:21 SUBMIT aqx-cellhist1t-288 try 1/40 job_id=7eb40b28-d89a-43fb-bf19-e28bb042af33
=== 19:22 SUBMIT aqx-cellhist1t-289 try 1/40 job_id=157fdd55-ecce-4fc5-b8a9-7153a30afa3b
=== 19:22 SUBMIT aqx-cellhist1t-290 try 1/40 job_id=7ea89e09-854b-4a12-9314-f3d0cbea0aff
=== 19:23 SUBMIT aqx-cellhist1t-291 try 1/40 job_id=b0c2ecf8-bb7c-4872-8076-ad528762b982
=== 19:23 SUBMIT aqx-cellhist1t-292 try 1/40 job_id=54649799-bdee-4363-8d54-17e037dbfbd9
=== 19:24 SUBMIT aqx-cellhist1t-293 try 1/40 job_id=9c4c5b06-281d-4125-91b0-4f12e23d1e59
=== 19:25 DONE aqx-cellhist1t-274
=== 19:25 DONE aqx-cellhist1t-275
=== 19:25 DONE aqx-cellhist1t-276
=== 19:25 DONE aqx-cellhist1t-277
=== 19:25 DONE aqx-cellhist1t-278
=== 19:25 DONE aqx-cellhist1t-279
=== 19:25 DONE aqx-cellhist1t-280
=== 19:25 DONE aqx-cellhist1t-281
=== 19:25 DONE aqx-cellhist1t-282
=== 19:25 DONE aqx-cellhist1t-283
=== 19:25 DONE aqx-cellhist1t-284
=== 19:25 DONE aqx-cellhist1t-285
=== 19:25 DONE aqx-cellhist1t-286
=== 19:25 DONE aqx-cellhist1t-287
=== 19:25 DONE aqx-cellhist1t-288
=== 19:25 DONE aqx-cellhist1t-289
=== 19:25 DONE aqx-cellhist1t-290
=== 19:25 DONE aqx-cellhist1t-291
=== 19:25 DONE aqx-cellhist1t-292
=== 19:25 DONE aqx-cellhist1t-293
=== 19:25 SUBMIT aqx-cellhist1t-294 try 1/40 job_id=3f6c1120-2983-4de1-92d9-e35a683def93
=== 19:26 SUBMIT aqx-cellhist1t-295 try 1/40 job_id=bb1920ad-efa1-4020-998a-bd3b095826f9
=== 19:26 SUBMIT aqx-cellhist1t-296 try 1/40 job_id=37a82911-45d6-4e60-ba1f-861676957fb8
=== 19:27 SUBMIT aqx-cellhist1t-297 try 1/40 job_id=28b85b0a-a6fb-40ec-bbf0-8723d40ecd57
=== 19:27 SUBMIT aqx-cellhist1t-298 try 1/40 job_id=a1cd2ffd-67c3-4f9d-a0ab-bf20d1ed17ea
=== 19:28 SUBMIT aqx-cellhist1t-299 try 1/40 job_id=8b1ecede-83e7-424b-a983-2d865e3e91e1
=== 19:28 SUBMIT aqx-cellhist1t-300 try 1/40 job_id=03f87c72-efa2-412d-91db-5fa2cbe294dd
=== 19:29 SUBMIT aqx-cellhist1t-301 try 1/40 job_id=0417179f-fffa-450f-822f-3dc9508633a1
=== 19:29 SUBMIT aqx-cellhist1t-302 try 1/40 job_id=00413ae7-a441-485a-ace9-9b30851b5bc0
=== 19:30 SUBMIT aqx-cellhist1t-303 try 1/40 job_id=ee1496b2-56c8-4363-98c3-14b1e9055b93
=== 19:30 SUBMIT aqx-cellhist1t-304 try 1/40 job_id=82376819-58e9-465a-8d5a-e0cd69bab4df
=== 19:31 SUBMIT aqx-cellhist1t-305 try 1/40 job_id=a370ee33-c465-4926-bde4-339a62433b27
=== 19:31 SUBMIT aqx-cellhist1t-306 try 1/40 job_id=b8bdbe64-c765-47c8-8686-c480af08716f
=== 19:32 SUBMIT aqx-cellhist1t-307 try 1/40 job_id=b725902e-381f-4dc5-97b3-b1465296928c
=== 19:32 SUBMIT aqx-cellhist1t-308 try 1/40 job_id=d7b810df-279d-4881-8fb9-d68e6771d012
=== 19:33 SUBMIT aqx-cellhist1t-309 try 1/40 job_id=9d8869f0-d674-4d71-9825-1da6cf3a4f26
=== 19:33 SUBMIT aqx-cellhist1t-310 try 1/40 job_id=8277670c-10b8-4539-8fbe-069e4c1bb67f
=== 19:34 SUBMIT aqx-cellhist1t-311 try 1/40 job_id=193b8cb8-90d8-495b-96e9-3a9c04af94d1
=== 19:34 SUBMIT aqx-cellhist1t-312 try 1/40 job_id=e584779b-4032-49ee-965b-6a3cf9a638cd
=== 19:35 SUBMIT aqx-cellhist1t-313 try 1/40 job_id=c6520e36-c60f-41a9-8181-dbfd59030678
=== 19:36 DONE aqx-cellhist1t-294
=== 19:36 DONE aqx-cellhist1t-295
=== 19:36 DONE aqx-cellhist1t-296
=== 19:36 DONE aqx-cellhist1t-297
=== 19:36 DONE aqx-cellhist1t-298
=== 19:36 DONE aqx-cellhist1t-299
=== 19:36 DONE aqx-cellhist1t-300
=== 19:36 DONE aqx-cellhist1t-301
=== 19:36 DONE aqx-cellhist1t-302
=== 19:36 DONE aqx-cellhist1t-303
=== 19:36 DONE aqx-cellhist1t-304
=== 19:36 DONE aqx-cellhist1t-305
=== 19:36 DONE aqx-cellhist1t-306
=== 19:36 DONE aqx-cellhist1t-307
=== 19:36 DONE aqx-cellhist1t-308
=== 19:36 DONE aqx-cellhist1t-309
=== 19:36 DONE aqx-cellhist1t-310
=== 19:36 DONE aqx-cellhist1t-311
=== 19:36 DONE aqx-cellhist1t-312
=== 19:36 DONE aqx-cellhist1t-313
=== 19:36 SUBMIT aqx-cellhist1t-314 try 1/40 job_id=6241d2b3-532b-4473-ab2a-0c2f0054defe
=== 19:37 SUBMIT aqx-cellhist1t-315 try 1/40 job_id=2f8f7e4a-286a-4755-ab34-51ad0ee2e316
=== 19:37 SUBMIT aqx-cellhist1t-316 try 1/40 job_id=9731daab-c456-49a1-be6a-90c019602769
=== 19:38 SUBMIT aqx-cellhist1t-317 try 1/40 job_id=13611792-f3f6-401c-b078-dab03e691f20
=== 19:38 SUBMIT aqx-cellhist1t-318 try 1/40 job_id=32367826-4371-49da-b3cc-c43f834b310a
=== 19:39 SUBMIT aqx-cellhist1t-319 try 1/40 job_id=358dd370-2704-4703-9b98-bcb61b5f179e
=== 19:39 SUBMIT aqx-cellhist1t-320 try 1/40 job_id=2b8338c2-5a0d-4dcd-81a4-c2f2fabc42fb
=== 19:40 SUBMIT aqx-cellhist1t-321 try 1/40 job_id=6a46a4d9-a52a-4611-baa4-61549c4f94b9
=== 19:40 SUBMIT aqx-cellhist1t-322 try 1/40 job_id=1d9e9b63-004e-43c6-b511-af1087e737e0
=== 19:41 SUBMIT aqx-cellhist1t-323 try 1/40 job_id=11a34b13-0b6b-4e71-9985-bf46dcd6e88a
=== 19:41 SUBMIT aqx-cellhist1t-324 try 1/40 job_id=c911cb54-652f-40ca-836e-e2317475f9ef
=== 19:42 SUBMIT aqx-cellhist1t-325 try 1/40 job_id=fa3d6b9f-6f71-4882-b1ad-d0f6960b1ec3
=== 19:42 SUBMIT aqx-cellhist1t-326 try 1/40 job_id=7001d3c0-05db-4f71-8721-592ce15adc67
=== 19:43 SUBMIT aqx-cellhist1t-327 try 1/40 job_id=34f5b1d5-8dee-4b1b-a352-85b060ef8d21
=== 19:43 SUBMIT aqx-cellhist1t-328 try 1/40 job_id=69f32908-b016-4394-b8b5-12f7d5bb7594
=== 19:44 SUBMIT aqx-cellhist1t-329 try 1/40 job_id=0b4752b6-f6b8-41fe-b642-d17d82c08379
=== 19:44 SUBMIT aqx-cellhist1t-330 try 1/40 job_id=0130558c-9675-4bd9-ab46-7b907e38f379
=== 19:45 SUBMIT aqx-cellhist1t-331 try 1/40 job_id=1bbb198f-f4e2-461f-8bbc-5307dc6d0209
=== 19:45 SUBMIT aqx-cellhist1t-332 try 1/40 job_id=0dc139b6-077c-4a71-8ff1-070859f41b99
=== 19:46 SUBMIT aqx-cellhist1t-333 try 1/40 job_id=39c31ad1-01df-4438-8f39-3a4320018af3
=== 19:47 DONE aqx-cellhist1t-314
=== 19:47 DONE aqx-cellhist1t-315
=== 19:47 DONE aqx-cellhist1t-316
=== 19:47 DONE aqx-cellhist1t-317
=== 19:47 DONE aqx-cellhist1t-318
=== 19:47 DONE aqx-cellhist1t-319
=== 19:47 DONE aqx-cellhist1t-320
=== 19:47 DONE aqx-cellhist1t-321
=== 19:47 DONE aqx-cellhist1t-322
=== 19:47 DONE aqx-cellhist1t-323
=== 19:47 DONE aqx-cellhist1t-324
=== 19:47 DONE aqx-cellhist1t-325
=== 19:47 DONE aqx-cellhist1t-326
=== 19:47 DONE aqx-cellhist1t-327
=== 19:47 DONE aqx-cellhist1t-328
=== 19:47 DONE aqx-cellhist1t-329
=== 19:47 DONE aqx-cellhist1t-330
=== 19:47 DONE aqx-cellhist1t-331
=== 19:47 DONE aqx-cellhist1t-332
=== 19:47 DONE aqx-cellhist1t-333
=== 19:47 SUBMIT aqx-cellhist1t-334 try 1/40 job_id=54fd3e6c-0e2c-4071-b14e-b7a7a50b7a16
=== 19:48 SUBMIT aqx-cellhist1t-335 try 1/40 job_id=4d578fe8-4bfc-4cb8-b7b7-de9f74a375fe
=== 19:48 SUBMIT aqx-cellhist1t-336 try 1/40 job_id=4f6b0b19-d656-46c7-85bf-08f32863b355
=== 19:49 SUBMIT aqx-cellhist1t-337 try 1/40 job_id=121fef36-74e5-4183-bfd4-c20eaf2eb494
=== 19:49 SUBMIT aqx-cellhist1t-338 try 1/40 job_id=71fa3c1d-8780-48ab-8a50-599ecfeba580
=== 19:50 SUBMIT aqx-cellhist1t-339 try 1/40 job_id=46530f98-8edf-4eae-8d49-ba7b45f8005d
=== 19:50 SUBMIT aqx-cellhist1t-340 try 1/40 job_id=2904b85d-9cef-4c82-b528-9a9bb381ca7a
=== 19:51 SUBMIT aqx-cellhist1t-341 try 1/40 job_id=9f661c4c-1b2a-4be4-b363-7ae457572587
=== 19:51 SUBMIT aqx-cellhist1t-342 try 1/40 job_id=f637022b-6435-4b0d-9cef-628a8e38d3c8
=== 19:52 SUBMIT aqx-cellhist1t-343 try 1/40 job_id=ce422595-6e97-4f17-9c33-7de9bcdd3672
=== 19:52 SUBMIT aqx-cellhist1t-344 try 1/40 job_id=1e6d71f1-9c45-4c8f-92f2-886936af6fbe
=== 19:53 SUBMIT aqx-cellhist1t-345 try 1/40 job_id=65cb2c83-ffea-42d8-91af-d6842bd442f2
=== 19:53 SUBMIT aqx-cellhist1t-346 try 1/40 job_id=b5de48dd-bd20-44ae-af29-fde7b31c8ba6
=== 19:54 SUBMIT aqx-cellhist1t-347 try 1/40 job_id=03a536b6-d5fb-4e10-aecf-0dae95b8272c
=== 19:54 SUBMIT aqx-cellhist1t-348 try 1/40 job_id=58f8752d-7cae-4b78-9bd2-e8bf0a278019
=== 19:55 SUBMIT aqx-cellhist1t-349 try 1/40 job_id=848651bf-d8d2-4b5a-bc87-533f9b55b44b
=== 19:55 SUBMIT aqx-cellhist1t-350 try 1/40 job_id=00b3c1ae-0fc8-4512-b50a-c045161a750a
=== 19:56 SUBMIT aqx-cellhist1t-351 try 1/40 job_id=c853b277-f312-4fb0-be52-e03407eb44a6
=== 19:56 SUBMIT aqx-cellhist1t-352 try 1/40 job_id=7d48d393-b39a-44a7-aae7-b22eda6ee0bb
=== 19:57 SUBMIT aqx-cellhist1t-353 try 1/40 job_id=e7781f93-78dd-4449-85af-998a7c8adfad
=== 19:58 DONE aqx-cellhist1t-334
=== 19:58 DONE aqx-cellhist1t-335
=== 19:58 DONE aqx-cellhist1t-336
=== 19:58 DONE aqx-cellhist1t-337
=== 19:58 DONE aqx-cellhist1t-338
=== 19:58 DONE aqx-cellhist1t-339
=== 19:58 DONE aqx-cellhist1t-340
=== 19:58 DONE aqx-cellhist1t-341
=== 19:58 DONE aqx-cellhist1t-342
=== 19:58 DONE aqx-cellhist1t-343
=== 19:58 DONE aqx-cellhist1t-344
=== 19:58 DONE aqx-cellhist1t-345
=== 19:58 DONE aqx-cellhist1t-346
=== 19:58 DONE aqx-cellhist1t-347
=== 19:58 DONE aqx-cellhist1t-348
=== 19:58 DONE aqx-cellhist1t-349
=== 19:58 DONE aqx-cellhist1t-350
=== 19:58 DONE aqx-cellhist1t-351
=== 19:58 DONE aqx-cellhist1t-352
=== 19:58 DONE aqx-cellhist1t-353
=== 19:58 SUBMIT aqx-cellhist1t-354 try 1/40 job_id=5e9314f8-3812-4481-81fc-9dd046198ecd
=== 19:59 SUBMIT aqx-cellhist1t-355 try 1/40 job_id=cd91da89-2676-42a1-9355-97fca9d76599
=== 19:59 SUBMIT aqx-cellhist1t-356 try 1/40 job_id=84b85384-64d0-4013-8409-a1bbc4cb40d8
=== 20:00 SUBMIT aqx-cellhist1t-357 try 1/40 job_id=eb2682e7-297a-42a2-be3d-e95ab2009fcd
=== 20:00 SUBMIT aqx-cellhist1t-358 try 1/40 job_id=96b98791-5e14-472a-818b-74dc71e26d47
=== 20:01 SUBMIT aqx-cellhist1t-359 try 1/40 job_id=43ffa516-41c3-4245-9690-75bff6a73ec0
=== 20:01 SUBMIT aqx-cellhist1t-360 try 1/40 job_id=542afc4d-e3a0-441d-9793-3da556ac7391
=== 20:02 SUBMIT aqx-cellhist1t-361 try 1/40 job_id=052c6500-3dc9-41c9-81ce-f3020cf602f9
=== 20:02 SUBMIT aqx-cellhist1t-362 try 1/40 job_id=304f24b8-5737-43c9-b6be-706d8ce99db5
=== 20:03 SUBMIT aqx-cellhist1t-363 try 1/40 job_id=b1b81e90-16e4-44c2-8613-d1526bae44fb
=== 20:03 SUBMIT aqx-cellhist1t-364 try 1/40 job_id=a0998119-c958-4c5e-9139-62bebcbc7e9f
=== 20:04 SUBMIT aqx-cellhist1t-365 try 1/40 job_id=e92b9b14-c9e8-4783-a05c-d942e2c64753
=== 20:04 SUBMIT aqx-cellhist1t-366 try 1/40 job_id=60a7a59f-5b75-480c-af2b-eb80e1136dc9
=== 20:05 SUBMIT aqx-cellhist1t-367 try 1/40 job_id=7a139088-015f-4eae-a798-b33c36cf77d9
=== 20:05 SUBMIT aqx-cellhist1t-368 try 1/40 job_id=2ecca6af-5e24-453b-8619-b20511f0dd4d
=== 20:06 SUBMIT aqx-cellhist1t-369 try 1/40 job_id=364b25bf-c9bf-44c8-b484-86cf7eee148d
=== 20:06 SUBMIT aqx-cellhist1t-370 try 1/40 job_id=bf66eb7e-28ca-4073-91ee-8d2da197e583
=== 20:07 SUBMIT aqx-cellhist1t-371 try 1/40 job_id=b45470fb-d4f9-4519-9fac-4a446df3ef98
=== 20:07 SUBMIT aqx-cellhist1t-372 try 1/40 job_id=b7d79905-de61-4702-b37b-8a9cb28d32e8
=== 20:08 SUBMIT aqx-cellhist1t-373 try 1/40 job_id=8fabe3fe-e33b-487f-a9ad-9dcfd55a4258
=== 20:09 DONE aqx-cellhist1t-354
=== 20:09 DONE aqx-cellhist1t-355
=== 20:09 DONE aqx-cellhist1t-356
=== 20:09 DONE aqx-cellhist1t-357
=== 20:09 DONE aqx-cellhist1t-358
=== 20:09 DONE aqx-cellhist1t-359
=== 20:09 DONE aqx-cellhist1t-360
=== 20:09 DONE aqx-cellhist1t-361
=== 20:09 DONE aqx-cellhist1t-362
=== 20:09 DONE aqx-cellhist1t-363
=== 20:09 DONE aqx-cellhist1t-364
=== 20:09 DONE aqx-cellhist1t-365
=== 20:09 DONE aqx-cellhist1t-366
=== 20:09 DONE aqx-cellhist1t-367
=== 20:09 DONE aqx-cellhist1t-368
=== 20:09 DONE aqx-cellhist1t-369
=== 20:09 DONE aqx-cellhist1t-370
=== 20:09 DONE aqx-cellhist1t-371
=== 20:09 DONE aqx-cellhist1t-372
=== 20:09 DONE aqx-cellhist1t-373
=== 20:09 SUBMIT aqx-cellhist1t-374 try 1/40 job_id=84c7e6b7-2354-4cea-86d5-9ddffe8d9aa9
=== 20:10 SUBMIT aqx-cellhist1t-375 try 1/40 job_id=210ba9ca-b8d1-4e38-9147-4e3a3f3423f7
=== 20:10 SUBMIT aqx-cellhist1t-376 try 1/40 job_id=24585755-1be8-4732-af25-f2cc3d52a633
=== 20:11 SUBMIT aqx-cellhist1t-377 try 1/40 job_id=646bce24-0ec4-44e3-b96d-d1829fc86a93
=== 20:11 SUBMIT aqx-cellhist1t-378 try 1/40 job_id=1443e31b-4f72-4996-ad3f-881e83afc8b4
=== 20:12 SUBMIT aqx-cellhist1t-379 try 1/40 job_id=e9f40dc5-cca5-4c51-b3e1-425d41bfd27b
=== 20:12 SUBMIT aqx-cellhist1t-380 try 1/40 job_id=acc3a2c1-889f-4111-b643-6a916b6ac0e4
=== 20:13 SUBMIT aqx-cellhist1t-381 try 1/40 job_id=96c93297-7149-4f13-8e4f-88f213be7ab0
=== 20:13 SUBMIT aqx-cellhist1t-382 try 1/40 job_id=7bca4e3d-a9a0-4d75-80a3-9720840a925f
=== 20:14 SUBMIT aqx-cellhist1t-383 try 1/40 job_id=1f23d3a2-5ebf-40e7-b783-3f0f1719b744
=== 20:14 SUBMIT aqx-cellhist1t-384 try 1/40 job_id=bd409dc0-3a22-4349-a6de-e554a72d569c
=== 20:15 SUBMIT aqx-cellhist1t-385 try 1/40 job_id=f73d14ff-f90a-470a-88f5-02bd9544f9f5
=== 20:15 SUBMIT aqx-cellhist1t-386 try 1/40 job_id=c1d81066-5ae2-4fe4-ac8f-82df1db6371a
=== 20:16 SUBMIT aqx-cellhist1t-387 try 1/40 job_id=6e307af9-e3ff-4be3-9090-8a603dbcdd1b
=== 20:16 SUBMIT aqx-cellhist1t-388 try 1/40 job_id=cd9a625c-ecf6-4d4f-a0b9-c6665e749773
=== 20:17 SUBMIT aqx-cellhist1t-389 try 1/40 job_id=435618ac-afb7-4e63-9582-a453666ef3e9
=== 20:17 SUBMIT aqx-cellhist1t-390 try 1/40 job_id=e0edb418-83f3-43d7-a508-63a0cee72412
=== 20:18 SUBMIT aqx-cellhist1t-391 try 1/40 job_id=552ce044-1855-4d46-bbbf-010a0fd60a3a
=== 20:18 SUBMIT aqx-cellhist1t-392 try 1/40 job_id=5832f988-ddcc-4b6a-9802-6253b99391bc
=== 20:19 SUBMIT aqx-cellhist1t-393 try 1/40 job_id=b41775d5-75e3-4b1c-b75e-c626051931b8
=== 20:20 DONE aqx-cellhist1t-374
=== 20:20 DONE aqx-cellhist1t-375
=== 20:20 DONE aqx-cellhist1t-376
=== 20:20 DONE aqx-cellhist1t-377
=== 20:20 DONE aqx-cellhist1t-378
=== 20:20 DONE aqx-cellhist1t-379
=== 20:20 DONE aqx-cellhist1t-380
=== 20:20 DONE aqx-cellhist1t-381
=== 20:20 DONE aqx-cellhist1t-382
=== 20:20 DONE aqx-cellhist1t-383
=== 20:20 DONE aqx-cellhist1t-384
=== 20:20 DONE aqx-cellhist1t-385
=== 20:20 DONE aqx-cellhist1t-386
=== 20:20 DONE aqx-cellhist1t-387
=== 20:20 DONE aqx-cellhist1t-388
=== 20:20 DONE aqx-cellhist1t-389
=== 20:20 DONE aqx-cellhist1t-390
=== 20:20 DONE aqx-cellhist1t-391
=== 20:20 DONE aqx-cellhist1t-392
=== 20:20 DONE aqx-cellhist1t-393
=== 20:20 SUBMIT aqx-cellhist1t-394 try 1/40 job_id=47c03386-f571-417b-8d2f-84a6de7dda0d
=== 20:21 SUBMIT aqx-cellhist1t-395 try 1/40 job_id=f816f192-2f98-426b-a6f2-f8c90ab65b87
=== 20:21 SUBMIT aqx-cellhist1t-396 try 1/40 job_id=b129f571-1d08-4ee5-af42-de81bbc95200
=== 20:22 SUBMIT aqx-cellhist1t-397 try 1/40 job_id=a40088b0-672e-46ca-8fe9-6741f1354e62
=== 20:22 SUBMIT aqx-cellhist1t-398 try 1/40 job_id=a79a2faa-d784-40f2-a76c-72c9a8a7acc8
=== 20:23 SUBMIT aqx-cellhist1t-399 try 1/40 job_id=b397f024-4d54-4501-abe1-7e59a2bdd5fb
=== 20:23 SUBMIT aqx-cellhist1t-400 try 1/40 job_id=bc178689-a3b0-4389-b1b8-80b68c550582
=== 20:24 SUBMIT aqx-cellhist1t-401 try 1/40 job_id=515b00c7-9f36-49cb-8d6c-f3f0554fe9e3
=== 20:24 SUBMIT aqx-cellhist1t-402 try 1/40 job_id=3b94641f-171f-45b2-9ac4-a843825c00b0
=== 20:25 SUBMIT aqx-cellhist1t-403 try 1/40 job_id=d807743c-3a3d-4403-b5f8-7b9351169a5a
=== 20:25 SUBMIT aqx-cellhist1t-404 try 1/40 job_id=471ca31f-975f-48a4-9722-8cb6a053cbae
=== 20:26 SUBMIT aqx-cellhist1t-405 try 1/40 job_id=c4fa27fe-7132-4191-9640-e9d8322117ae
=== 20:26 SUBMIT aqx-cellhist1t-406 try 1/40 job_id=8614ed42-8eb8-4b96-bbf6-c0a6a32e6fba
=== 20:27 SUBMIT aqx-cellhist1t-407 try 1/40 job_id=b5792563-d719-447b-8f50-b29ae3f37ecc
=== 20:27 SUBMIT aqx-cellhist1t-408 try 1/40 job_id=c594e9c4-6baa-41d9-9358-2d6eee142f4e
=== 20:28 SUBMIT aqx-cellhist1t-409 try 1/40 job_id=c3174ef9-b38b-4ea4-bff3-972d1294db47
=== 20:28 SUBMIT aqx-cellhist1t-410 try 1/40 job_id=f69ef408-3faf-4353-a1e3-05557e42ac42
=== 20:29 SUBMIT aqx-cellhist1t-411 try 1/40 job_id=19df6c59-01e5-4581-9a1b-eaf44723c0b6
=== 20:29 SUBMIT aqx-cellhist1t-412 try 1/40 job_id=67390207-8780-499a-921a-7aaa63d7f8c0
=== 20:30 SUBMIT aqx-cellhist1t-413 try 1/40 job_id=cdd5aa66-5b16-4e91-93e0-e07d4f8f2891
=== 20:31 DONE aqx-cellhist1t-394
=== 20:31 DONE aqx-cellhist1t-395
=== 20:31 DONE aqx-cellhist1t-396
=== 20:31 DONE aqx-cellhist1t-397
=== 20:31 DONE aqx-cellhist1t-398
=== 20:31 DONE aqx-cellhist1t-399
=== 20:31 DONE aqx-cellhist1t-400
=== 20:31 DONE aqx-cellhist1t-401
=== 20:31 DONE aqx-cellhist1t-402
=== 20:31 DONE aqx-cellhist1t-403
=== 20:31 DONE aqx-cellhist1t-404
=== 20:31 DONE aqx-cellhist1t-405
=== 20:31 DONE aqx-cellhist1t-406
=== 20:31 DONE aqx-cellhist1t-407
=== 20:31 DONE aqx-cellhist1t-408
=== 20:31 DONE aqx-cellhist1t-409
=== 20:31 DONE aqx-cellhist1t-410
=== 20:31 DONE aqx-cellhist1t-411
=== 20:31 DONE aqx-cellhist1t-412
=== 20:31 DONE aqx-cellhist1t-413
=== 20:31 SUBMIT aqx-cellhist1t-414 try 1/40 job_id=826a068b-1f7b-4c33-a4ca-2f6dda9ebe12
=== 20:32 SUBMIT aqx-cellhist1t-415 try 1/40 job_id=cf6b26e4-ad7e-477e-ab59-c2fcd900c112
=== 20:32 SUBMIT aqx-cellhist1t-416 try 1/40 job_id=aeaf92de-b8ef-4423-9cdd-511f033bfdee
=== 20:33 SUBMIT aqx-cellhist1t-417 try 1/40 job_id=faf891b0-879f-46b0-af0e-0512c85093fc
=== 20:33 SUBMIT aqx-cellhist1t-418 try 1/40 job_id=c19f8748-7a0c-4fbd-ba99-d99658919291
=== 20:34 SUBMIT aqx-cellhist1t-419 try 1/40 job_id=7750afc3-2606-4cac-85d7-19eb5c7b93e4
=== 20:34 SUBMIT aqx-cellhist1t-420 try 1/40 job_id=ac6e1287-7be5-486f-8a04-304c09e6cb5c
=== 20:35 SUBMIT aqx-cellhist1t-421 try 1/40 job_id=f6506ef4-a9a8-4522-aed2-3120f37cde2e
=== 20:35 SUBMIT aqx-cellhist1t-422 try 1/40 job_id=bae33d5f-b7ee-455e-8f1b-2f58c2f7e9ec
=== 20:36 SUBMIT aqx-cellhist1t-423 try 1/40 job_id=c71f830b-9dcd-41b7-8216-cd1720de8900
=== 20:36 SUBMIT aqx-cellhist1t-424 try 1/40 job_id=39b1bb04-4688-4a47-9739-917ebea61ea5
=== 20:37 SUBMIT aqx-cellhist1t-425 try 1/40 job_id=1d0a5bb2-cfbb-400d-a64d-424da6b74c34
=== 20:37 SUBMIT aqx-cellhist1t-426 try 1/40 job_id=232fdab3-4540-4e35-8043-80126c824d55
=== 20:38 SUBMIT aqx-cellhist1t-427 try 1/40 job_id=e8888ce2-c41d-452a-bdef-91ae9ac29b8b
=== 20:38 SUBMIT aqx-cellhist1t-428 try 1/40 job_id=9a1b3f0c-61ac-4300-a7e3-a126482420d7
=== 20:39 SUBMIT aqx-cellhist1t-429 try 1/40 job_id=52babe6f-93d6-4d53-8226-2a973ff73914
=== 20:39 SUBMIT aqx-cellhist1t-430 try 1/40 job_id=60ec5947-9798-4b1c-a8b9-5fe311e93b05
=== 20:40 SUBMIT aqx-cellhist1t-431 try 1/40 job_id=9bdee8c5-96a5-44f3-ba53-f8821d043a8f
=== 20:40 SUBMIT aqx-cellhist1t-432 try 1/40 job_id=b15dd837-29a6-44a4-9f97-a5480367286f
=== 20:41 SUBMIT aqx-cellhist1t-433 try 1/40 job_id=c8498e8f-5606-4e13-96a2-dd79ea7637d5
=== 20:42 DONE aqx-cellhist1t-414
=== 20:42 DONE aqx-cellhist1t-415
=== 20:42 DONE aqx-cellhist1t-416
=== 20:42 DONE aqx-cellhist1t-417
=== 20:42 DONE aqx-cellhist1t-418
=== 20:42 DONE aqx-cellhist1t-419
=== 20:42 DONE aqx-cellhist1t-420
=== 20:42 DONE aqx-cellhist1t-421
=== 20:42 DONE aqx-cellhist1t-424
=== 20:42 DONE aqx-cellhist1t-428
=== 20:42 DONE aqx-cellhist1t-429
=== 20:42 DONE aqx-cellhist1t-430
=== 20:42 DONE aqx-cellhist1t-431
=== 20:42 DONE aqx-cellhist1t-432
=== 20:42 DONE aqx-cellhist1t-433
=== 20:42 SUBMIT aqx-cellhist1t-434 try 1/40 job_id=35fcc4ee-f542-42c9-be79-c2ffecdcb86e
=== 20:43 SUBMIT aqx-cellhist1t-435 try 1/40 job_id=ff87c518-622c-4ad2-a902-eb342bb49fe8
=== 20:43 SUBMIT aqx-cellhist1t-436 try 1/40 job_id=fe56feca-d3af-4d39-aab5-b035e7405485
=== 20:44 SUBMIT aqx-cellhist1t-437 try 1/40 job_id=bba658d9-6352-438f-b1e8-6933b0541d23
=== 20:44 SUBMIT aqx-cellhist1t-438 try 1/40 job_id=f15795bf-9299-4731-b5cb-ec78c6344ef9
=== 20:45 SUBMIT aqx-cellhist1t-439 try 1/40 job_id=114cceb9-72ba-4b50-9612-8e91f5c3b478
=== 20:45 SUBMIT aqx-cellhist1t-440 try 1/40 job_id=1cf2216b-9dfa-4b7d-8931-029284a6efd0
=== 20:46 SUBMIT aqx-cellhist1t-441 try 1/40 job_id=e272b0d3-b2fe-419e-89df-4560b86c316c
=== 20:46 SUBMIT aqx-cellhist1t-442 try 1/40 job_id=20387d55-c0bb-45b1-8860-6ee05cb84730
=== 20:47 SUBMIT aqx-cellhist1t-443 try 1/40 job_id=1b928291-7407-4040-a03e-35f0022be35d
=== 20:47 SUBMIT aqx-cellhist1t-444 try 1/40 job_id=16f7af01-fc7e-4232-92a2-61495f67eabb
=== 20:48 SUBMIT aqx-cellhist1t-445 try 1/40 job_id=02049212-729a-4f91-bef6-7ac1f7e20665
=== 20:48 SUBMIT aqx-cellhist1t-446 try 1/40 job_id=834cbd5a-055a-4bd9-ab4a-499485a800b4
=== 20:49 SUBMIT aqx-cellhist1t-447 try 1/40 job_id=b74c977b-ef71-4bf7-aaf2-dd9a939f99f5
=== 20:49 SUBMIT aqx-cellhist1t-448 try 1/40 job_id=344e12f4-41b3-4405-92c3-3a2082c8c435
=== 20:51 DONE aqx-cellhist1t-422
=== 20:51 DONE aqx-cellhist1t-423
=== 20:51 DONE aqx-cellhist1t-425
=== 20:51 DONE aqx-cellhist1t-426
=== 20:51 RECYCLE aqx-cellhist1t-427: job failed
=== 20:51   aqx-cellhist1t-427-ctlzk exit=135 reason=Error
=== 20:51 BACKOFF aqx-cellhist1t-427 120s before try 2
=== 20:51 DONE aqx-cellhist1t-434
=== 20:51 DONE aqx-cellhist1t-435
=== 20:51 DONE aqx-cellhist1t-436
=== 20:51 DONE aqx-cellhist1t-437
=== 20:51 DONE aqx-cellhist1t-438
=== 20:51 DONE aqx-cellhist1t-439
=== 20:51 DONE aqx-cellhist1t-440
=== 20:51 DONE aqx-cellhist1t-441
=== 20:51 DONE aqx-cellhist1t-442
=== 20:51 DONE aqx-cellhist1t-443
=== 20:51 DONE aqx-cellhist1t-444
=== 20:51 DONE aqx-cellhist1t-445
=== 20:51 DONE aqx-cellhist1t-446
=== 20:51 DONE aqx-cellhist1t-447
=== 20:51 DONE aqx-cellhist1t-448
=== 20:51 SUBMIT aqx-cellhist1t-449 try 1/40 job_id=caec64e2-88d0-4469-9005-d4886427a1ac
=== 20:52 SUBMIT aqx-cellhist1t-450 try 1/40 job_id=ed44bd15-5362-409e-8f7a-a988dfcac419
=== 20:52 SUBMIT aqx-cellhist1t-451 try 1/40 job_id=880ff46e-49e4-4da7-a429-e89e9685750c
=== 20:53 SUBMIT aqx-cellhist1t-452 try 1/40 job_id=10466385-9c33-449b-94a3-6492fe340bac
=== 20:53 SUBMIT aqx-cellhist1t-453 try 1/40 job_id=fc400e10-23a0-4c91-bf39-48ebb05e44e3
=== 20:54 SUBMIT aqx-cellhist1t-454 try 1/40 job_id=db415413-ff84-46fb-b3d9-9b72c0792554
=== 20:54 SUBMIT aqx-cellhist1t-455 try 1/40 job_id=fabcfbde-1b24-491d-8b5d-d4b3319296b6
=== 20:55 SUBMIT aqx-cellhist1t-456 try 1/40 job_id=4e3c04d1-f379-419b-b339-c34dba0cf4e0
=== 20:55 SUBMIT aqx-cellhist1t-457 try 1/40 job_id=8701d39a-019f-4e66-9b19-c51e2cc05214
=== 20:56 SUBMIT aqx-cellhist1t-458 try 1/40 job_id=df14e025-5e85-4838-8b98-288bbceb5f67
=== 20:56 SUBMIT aqx-cellhist1t-459 try 1/40 job_id=2a7400da-3006-4c93-bb9f-dfcd592f60b8
=== 20:57 SUBMIT aqx-cellhist1t-460 try 1/40 job_id=5eb7dc57-c5cd-4059-9758-76b03b1e74ef
=== 20:57 SUBMIT aqx-cellhist1t-461 try 1/40 job_id=29a17e78-c3a2-44b2-91f7-61ddc9929ae3
=== 20:58 SUBMIT aqx-cellhist1t-462 try 1/40 job_id=19c0512d-a9c5-4b20-9aa3-988f8961097f
=== 20:58 SUBMIT aqx-cellhist1t-463 try 1/40 job_id=7fe1e51d-ef57-4897-9cc3-0c16dd31383d
=== 20:59 SUBMIT aqx-cellhist1t-464 try 1/40 job_id=33b89494-b1ec-41c3-b041-7b676faa7685
=== 20:59 SUBMIT aqx-cellhist1t-465 try 1/40 job_id=4a733eda-55a8-44ca-952a-19b886804d7a
=== 21:00 SUBMIT aqx-cellhist1t-466 try 1/40 job_id=65ae017c-48bd-459b-8d47-719696cdbf9c
=== 21:00 SUBMIT aqx-cellhist1t-467 try 1/40 job_id=337aa8e1-d858-4a6f-ad50-0ecb471f10fb
=== 21:01 SUBMIT aqx-cellhist1t-468 try 1/40 job_id=791983ed-585a-4d01-bcbe-6711faf3232e
=== 21:02 DONE aqx-cellhist1t-449
=== 21:02 DONE aqx-cellhist1t-450
=== 21:02 DONE aqx-cellhist1t-451
=== 21:02 DONE aqx-cellhist1t-452
=== 21:02 DONE aqx-cellhist1t-453
=== 21:02 DONE aqx-cellhist1t-454
=== 21:02 DONE aqx-cellhist1t-455
=== 21:02 DONE aqx-cellhist1t-456
=== 21:02 DONE aqx-cellhist1t-457
=== 21:02 DONE aqx-cellhist1t-458
=== 21:02 DONE aqx-cellhist1t-459
=== 21:02 DONE aqx-cellhist1t-461
=== 21:02 DONE aqx-cellhist1t-463
=== 21:02 DONE aqx-cellhist1t-466
=== 21:02 DONE aqx-cellhist1t-467
=== 21:02 DONE aqx-cellhist1t-468
=== 21:02 SUBMIT aqx-cellhist1t-427 try 2/40 job_id=1f3f8924-e284-491d-9882-3e08ff0f0ba9
=== 21:03 SUBMIT aqx-cellhist1t-469 try 1/40 job_id=f35077bb-9da7-4608-81b4-68c180910cab
=== 21:03 SUBMIT aqx-cellhist1t-470 try 1/40 job_id=f01c24ea-6788-4d21-80a0-bf5bdb46de19
=== 21:04 SUBMIT aqx-cellhist1t-471 try 1/40 job_id=9b225fdb-436d-4d99-951e-9e05cc3361cf
=== 21:04 SUBMIT aqx-cellhist1t-472 try 1/40 job_id=bc6b1c4e-d611-48a5-b1d1-214c14e32041
=== 21:05 SUBMIT aqx-cellhist1t-473 try 1/40 job_id=f4dce5fc-1025-4d25-8436-998521cc0e27
=== 21:05 SUBMIT aqx-cellhist1t-474 try 1/40 job_id=5ca5d2d5-8f0c-4222-9b61-0dea8f2c7ffe
=== 21:06 SUBMIT aqx-cellhist1t-475 try 1/40 job_id=bc825e37-8082-49b3-9e35-fb9ecaa90acd
=== 21:06 SUBMIT aqx-cellhist1t-476 try 1/40 job_id=6d9ce856-c2d0-4d69-816c-5e2ecff5950c
=== 21:07 SUBMIT aqx-cellhist1t-477 try 1/40 job_id=3a4d4ba1-941f-4e26-af0d-451e15a439bd
=== 21:07 SUBMIT aqx-cellhist1t-478 try 1/40 job_id=9561e1ae-8e3b-4f72-8a69-ef3503cad2c1
=== 21:08 SUBMIT aqx-cellhist1t-479 try 1/40 job_id=1938a610-d84e-4951-990a-22e85852b536
=== 21:08 SUBMIT aqx-cellhist1t-480 try 1/40 job_id=d6330043-89be-47e1-8ecc-7cf6cd4f3afd
=== 21:09 SUBMIT aqx-cellhist1t-481 try 1/40 job_id=93c64e07-bfe7-41c4-92e0-575131909e67
=== 21:09 SUBMIT aqx-cellhist1t-482 try 1/40 job_id=9a318649-effa-43aa-a545-90329050c976
=== 21:10 SUBMIT aqx-cellhist1t-483 try 1/40 job_id=7616a7c0-2c40-45dd-b588-4af9036a98dd
=== 21:11 DONE aqx-cellhist1t-427
=== 21:11 DONE aqx-cellhist1t-469
=== 21:11 DONE aqx-cellhist1t-470
=== 21:11 DONE aqx-cellhist1t-471
=== 21:11 DONE aqx-cellhist1t-472
=== 21:11 DONE aqx-cellhist1t-473
=== 21:11 DONE aqx-cellhist1t-474
=== 21:11 DONE aqx-cellhist1t-475
=== 21:11 DONE aqx-cellhist1t-476
=== 21:11 DONE aqx-cellhist1t-477
=== 21:11 DONE aqx-cellhist1t-478
=== 21:11 DONE aqx-cellhist1t-479
=== 21:11 DONE aqx-cellhist1t-480
=== 21:11 DONE aqx-cellhist1t-481
=== 21:11 DONE aqx-cellhist1t-482
=== 21:11 DONE aqx-cellhist1t-483
=== 21:11 SUBMIT aqx-cellhist1t-484 try 1/40 job_id=f8995793-3f40-43c9-9a69-cfa61a0a1f44
=== 21:12 SUBMIT aqx-cellhist1t-485 try 1/40 job_id=939f2cd3-e057-4b53-ba80-0b6b47cef86b
=== 21:12 SUBMIT aqx-cellhist1t-486 try 1/40 job_id=24fd24d3-5b54-49d2-8cb5-9afb0188831c
=== 21:13 SUBMIT aqx-cellhist1t-487 try 1/40 job_id=212aa150-f95f-401c-9482-f91566e9bf51
=== 21:13 SUBMIT aqx-cellhist1t-488 try 1/40 job_id=59f5ca0c-f830-4dec-a559-52c8e875be74
=== 21:14 SUBMIT aqx-cellhist1t-489 try 1/40 job_id=f5eade91-e850-4e4d-8ebb-b60939ef0876
=== 21:14 SUBMIT aqx-cellhist1t-490 try 1/40 job_id=f0a6b235-0aaa-4108-8a87-15c457f84726
=== 21:15 SUBMIT aqx-cellhist1t-491 try 1/40 job_id=597efa0f-e8cd-43f6-88f7-9f4b0c317e9d
=== 21:15 SUBMIT aqx-cellhist1t-492 try 1/40 job_id=8496dcaa-25aa-459d-89d4-c0a2ada60655
=== 21:16 SUBMIT aqx-cellhist1t-493 try 1/40 job_id=542557cd-6fb1-4fc8-8ab0-6cb1dffdb0ad
=== 21:16 SUBMIT aqx-cellhist1t-494 try 1/40 job_id=6ebadced-cd0e-48b2-8f12-2d12ffb67d3f
=== 21:17 SUBMIT aqx-cellhist1t-495 try 1/40 job_id=4ec2ae65-218e-4d59-848c-4b16265f3f82
=== 21:17 SUBMIT aqx-cellhist1t-496 try 1/40 job_id=735514cc-51c7-4a51-b7c7-83fc99ed76bc
=== 21:18 SUBMIT aqx-cellhist1t-497 try 1/40 job_id=1bc4e116-fedb-4f98-9b84-e20773bc30a2
=== 21:18 SUBMIT aqx-cellhist1t-498 try 1/40 job_id=5f41686c-8671-45e7-8c33-9404a848fb50
=== 21:19 SUBMIT aqx-cellhist1t-499 try 1/40 job_id=0e8c70e8-f0e5-4022-a725-6ba04936edee
=== 21:20 DONE aqx-cellhist1t-460
=== 21:20 DONE aqx-cellhist1t-464
=== 21:20 DONE aqx-cellhist1t-465
=== 21:20 DONE aqx-cellhist1t-484
=== 21:20 DONE aqx-cellhist1t-485
=== 21:20 DONE aqx-cellhist1t-486
=== 21:20 DONE aqx-cellhist1t-487
=== 21:20 DONE aqx-cellhist1t-488
=== 21:20 DONE aqx-cellhist1t-489
=== 21:20 DONE aqx-cellhist1t-490
=== 21:20 DONE aqx-cellhist1t-491
=== 21:20 DONE aqx-cellhist1t-492
=== 21:20 DONE aqx-cellhist1t-493
=== 21:20 DONE aqx-cellhist1t-494
=== 21:20 DONE aqx-cellhist1t-495
=== 21:20 DONE aqx-cellhist1t-496
=== 21:20 DONE aqx-cellhist1t-497
=== 21:20 DONE aqx-cellhist1t-498
=== 21:20 DONE aqx-cellhist1t-499
=== 21:22 DONE aqx-cellhist1t-462
=== 21:23 CELLHIST_DONE done=500 parked=[]
=== 21:23 cellmerge: state loaded, 0 done, 0 parked, 1 to go
=== 21:23 SUBMIT aqx-cellmerge1t try 1/40 job_id=20e3b283-ab03-4eaa-9fa1-e163c165bf75
=== 21:28 DONE aqx-cellmerge1t
=== 21:29 CELLMERGE_DONE done=1 parked=[]

[notice] A new release of pip is available: 25.0.1 -> 26.2.1
[notice] To update, run: pip install --upgrade pip
repo 363da92b22aefa14d8402221bd5930583e3cc567
CELLS_JSON {"n_servers": 500, "nlist": 2048, "rows": 1000000000000, "cell_sizes": {"mean": 488281250.0, "median": 417800231.0, "min": 49238895, "max": 2153651290, "max_over_mean": 4.411, "gini": 0.3277, "share_of_rows_in_largest_1pct_cells": 0.0369, "empty_cells": 0}, "per_server_wall_s": {"median": 31.6, "max": 150.8}, "reachability": {"predicted_recall_at_probe_width": {"1": 0.406, "2": 0.599, "4": 0.727, "8": 0.867, "16": 0.952, "32": 0.989, "64": 0.997, "128": 0.999, "256": 1.0, "512": 1.0, "1024": 1.0, "2048": 1.0}, "queries_at_1_at_width": {"1": 1, "2": 4, "4": 15, "8": 37, "16": 68, "32": 90, "64": 97, "128": 99, "256": 100, "512": 100, "1024": 100, "2048": 100}, "cell_rank_of_reference_neighbours": {"median": 1, "p90": 9, "p99": 32, "max": 169, "share_in_first_probed_cell": 0.406}}, "measured_vs_predicted": {"32": {"measured": 0.989, "predicted": 0.989, "difference": 0.0}, "128": {"measured": 0.999, "predicted": 0.999, "difference": 0.0}}}
CELLMERGE_DONE

=== 21:29 DRIVER1T_POST_DONE
POST_EXIT=0
