submitted job_id=2ecc9e04-7871-4262-aec6-77f8cdc8e567
t+20s waiting
t+40s waiting
t+61s waiting
t+81s waiting
t+102s waiting
t+122s waiting
t+142s waiting
t+163s waiting
t+183s waiting
t+204s waiting
t+224s waiting
t+244s waiting
t+265s waiting
t+285s waiting
t+305s waiting
t+326s waiting
t+347s waiting
t+367s waiting
t+387s waiting
t+408s waiting
t+428s waiting
t+450s waiting
t+471s waiting
t+491s waiting
t+512s waiting
t+533s waiting
t+554s waiting
t+575s waiting
t+595s waiting
t+615s waiting
t+636s waiting
t+656s waiting
t+677s waiting
t+697s waiting
t+718s waiting
t+738s waiting
t+758s waiting
t+779s waiting
t+799s waiting
t+820s waiting
t+840s waiting
t+861s waiting
t+881s waiting
t+902s waiting
t+922s waiting
t+943s waiting
t+963s waiting
t+983s waiting
t+1004s waiting
t+1024s waiting
t+1045s waiting
t+1065s waiting
t+1085s waiting
t+1106s waiting
t+1127s waiting
t+1147s waiting
t+1167s waiting
t+1188s waiting
t+1208s waiting
t+1229s waiting
t+1249s waiting
t+1270s waiting
t+1290s waiting
t+1311s waiting
t+1331s waiting
t+1352s waiting
t+1372s waiting
t+1393s waiting
t+1413s waiting
INTERIM_JSON {"servers_with_ref": 500, "servers_with_ivf_p32": 361, "servers_with_ivf_p128": 349, "servers_scored": 349, "rows_scored": 698000000000, "nq": 100, "reference_wall_s": {"median": 2654.1, "min": 1062.3, "max": 16308.1}, "ivf_p32": {"recall_vs_adc_fullscan": 0.985, "wall_s_median": 1038.6, "speedup_vs_fullscan_median": 2.6}, "ivf_p128": {"recall_vs_adc_fullscan": 0.999, "wall_s_median": 1304.6, "speedup_vs_fullscan_median": 2.0}, "ivf_p128_recall_first_half": 0.999}
INTERIM_DONE
SUBMIT_INTERIM_EXIT failed
SCREEN_EXIT=0
