=== 22:17 100B PVCs
persistentvolumeclaim/tqp-fleet-100b-0 unchanged
persistentvolumeclaim/tqp-fleet-100b-1 unchanged
persistentvolumeclaim/tqp-fleet-100b-2 created
persistentvolumeclaim/tqp-fleet-100b-3 created
persistentvolumeclaim/tqp-fleet-100b-4 created
persistentvolumeclaim/tqp-fleet-100b-5 created
persistentvolumeclaim/tqp-fleet-100b-6 created
persistentvolumeclaim/tqp-fleet-100b-7 created
persistentvolumeclaim/tqp-fleet-100b-8 created
persistentvolumeclaim/tqp-fleet-100b-9 created
persistentvolumeclaim/tqp-fleet-100b-10 created
persistentvolumeclaim/tqp-fleet-100b-11 created
persistentvolumeclaim/tqp-fleet-100b-12 created
persistentvolumeclaim/tqp-fleet-100b-13 created
persistentvolumeclaim/tqp-fleet-100b-14 created
persistentvolumeclaim/tqp-fleet-100b-15 created
persistentvolumeclaim/tqp-fleet-100b-16 created
persistentvolumeclaim/tqp-fleet-100b-17 created
persistentvolumeclaim/tqp-fleet-100b-18 created
persistentvolumeclaim/tqp-fleet-100b-19 created
persistentvolumeclaim/tqp-fleet-100b-20 created
persistentvolumeclaim/tqp-fleet-100b-21 created
persistentvolumeclaim/tqp-fleet-100b-22 created
persistentvolumeclaim/tqp-fleet-100b-23 created
persistentvolumeclaim/tqp-fleet-100b-24 created
persistentvolumeclaim/tqp-fleet-100b-25 created
persistentvolumeclaim/tqp-fleet-100b-26 created
persistentvolumeclaim/tqp-fleet-100b-27 created
persistentvolumeclaim/tqp-fleet-100b-28 created
persistentvolumeclaim/tqp-fleet-100b-29 created
persistentvolumeclaim/tqp-fleet-100b-30 created
persistentvolumeclaim/tqp-fleet-100b-31 created
persistentvolumeclaim/tqp-fleet-100b-32 created
persistentvolumeclaim/tqp-fleet-100b-33 created
persistentvolumeclaim/tqp-fleet-100b-34 created
persistentvolumeclaim/tqp-fleet-100b-35 created
persistentvolumeclaim/tqp-fleet-100b-36 created
persistentvolumeclaim/tqp-fleet-100b-37 created
persistentvolumeclaim/tqp-fleet-100b-38 created
persistentvolumeclaim/tqp-fleet-100b-39 created
persistentvolumeclaim/tqp-fleet-100b-40 created
persistentvolumeclaim/tqp-fleet-100b-41 created
persistentvolumeclaim/tqp-fleet-100b-42 created
persistentvolumeclaim/tqp-fleet-100b-43 created
persistentvolumeclaim/tqp-fleet-100b-44 created
persistentvolumeclaim/tqp-fleet-100b-45 created
persistentvolumeclaim/tqp-fleet-100b-46 created
persistentvolumeclaim/tqp-fleet-100b-47 created
persistentvolumeclaim/tqp-fleet-100b-48 created
persistentvolumeclaim/tqp-fleet-100b-49 created
=== 22:21 100B build (waves of 8)
job.batch/tqp-fleet-100b-build-0 created
job.batch/tqp-fleet-100b-build-1 created
job.batch/tqp-fleet-100b-build-2 created
job.batch/tqp-fleet-100b-build-3 created
job.batch/tqp-fleet-100b-build-4 created
job.batch/tqp-fleet-100b-build-5 created
job.batch/tqp-fleet-100b-build-6 created
job.batch/tqp-fleet-100b-build-7 created
=== 22:22 wave at server 0: tqp-fleet-100b-build-0 tqp-fleet-100b-build-1 tqp-fleet-100b-build-2 tqp-fleet-100b-build-3 tqp-fleet-100b-build-4 tqp-fleet-100b-build-5 tqp-fleet-100b-build-6 tqp-fleet-100b-build-7
JOB tqp-fleet-100b-build-1 VANISHED
